
Fatbin elf code:
================
arch = sm_120
code version = [1,8]
host = linux
compile_size = 64bit

Fatbin elf code:
================
arch = sm_120
code version = [1,8]
host = linux
compile_size = 64bit

Fatbin ptx code:
================
arch = sm_120
code version = [9,2]
host = linux
compile_size = 64bit
compressed
ptxasOptions = -v  








.version 9.2
.target sm_120
.address_size 64







.visible .entry _Z14energy_fixtureILi16ELi0ELi0ELi0EEvPKjPjj(
.param .u64 .ptr .align 1 _Z14energy_fixtureILi16ELi0ELi0ELi0EEvPKjPjj_param_0,
.param .u64 .ptr .align 1 _Z14energy_fixtureILi16ELi0ELi0ELi0EEvPKjPjj_param_1,
.param .u32 _Z14energy_fixtureILi16ELi0ELi0ELi0EEvPKjPjj_param_2
)
{
.reg .pred %p<3>;
.reg .b32 %r<58>;
.reg .b64 %rd<27>;

ld.param.b64 %rd1, [_Z14energy_fixtureILi16ELi0ELi0ELi0EEvPKjPjj_param_0];
ld.param.b64 %rd2, [_Z14energy_fixtureILi16ELi0ELi0ELi0EEvPKjPjj_param_1];
ld.param.b32 %r2, [_Z14energy_fixtureILi16ELi0ELi0ELi0EEvPKjPjj_param_2];
mov.u32 %r3, %ctaid.x;
mov.u32 %r4, %ntid.x;
mov.u32 %r5, %tid.x;
mad.lo.s32 %r1, %r3, %r4, %r5;
setp.ge.u32 %p1, %r1, %r2;
mov.b32 %r57, 0;
@%p1 bra $L__BB0_3;
mov.b32 %r57, 0;
mov.b32 %r56, %r1;
$L__BB0_2:
.pragma "nounroll";
mul.wide.u32 %rd19, %r56, 4;
add.s64 %rd3, %rd1, %rd19;

ld.global.cg.u32 %r6, [%rd3];

mad.lo.s32 %r22, %r57, 1664525, 1013904223;
xor.b32 %r23, %r6, %r22;
add.s64 %rd4, %rd3, 4;

ld.global.cg.u32 %r7, [%rd4];

mad.lo.s32 %r24, %r23, 1664525, 1013904223;
xor.b32 %r25, %r7, %r24;
add.s64 %rd5, %rd3, 8;

ld.global.cg.u32 %r8, [%rd5];

mad.lo.s32 %r26, %r25, 1664525, 1013904223;
xor.b32 %r27, %r8, %r26;
add.s64 %rd6, %rd3, 12;

ld.global.cg.u32 %r9, [%rd6];

mad.lo.s32 %r28, %r27, 1664525, 1013904223;
xor.b32 %r29, %r9, %r28;
add.s64 %rd7, %rd3, 16;

ld.global.cg.u32 %r10, [%rd7];

mad.lo.s32 %r30, %r29, 1664525, 1013904223;
xor.b32 %r31, %r10, %r30;
add.s64 %rd8, %rd3, 20;

ld.global.cg.u32 %r11, [%rd8];

mad.lo.s32 %r32, %r31, 1664525, 1013904223;
xor.b32 %r33, %r11, %r32;
add.s64 %rd9, %rd3, 24;

ld.global.cg.u32 %r12, [%rd9];

mad.lo.s32 %r34, %r33, 1664525, 1013904223;
xor.b32 %r35, %r12, %r34;
add.s64 %rd10, %rd3, 28;

ld.global.cg.u32 %r13, [%rd10];

mad.lo.s32 %r36, %r35, 1664525, 1013904223;
xor.b32 %r37, %r13, %r36;
add.s64 %rd11, %rd3, 32;

ld.global.cg.u32 %r14, [%rd11];

mad.lo.s32 %r38, %r37, 1664525, 1013904223;
xor.b32 %r39, %r14, %r38;
add.s64 %rd12, %rd3, 36;

ld.global.cg.u32 %r15, [%rd12];

mad.lo.s32 %r40, %r39, 1664525, 1013904223;
xor.b32 %r41, %r15, %r40;
add.s64 %rd13, %rd3, 40;

ld.global.cg.u32 %r16, [%rd13];

mad.lo.s32 %r42, %r41, 1664525, 1013904223;
xor.b32 %r43, %r16, %r42;
add.s64 %rd14, %rd3, 44;

ld.global.cg.u32 %r17, [%rd14];

mad.lo.s32 %r44, %r43, 1664525, 1013904223;
xor.b32 %r45, %r17, %r44;
add.s64 %rd15, %rd3, 48;

ld.global.cg.u32 %r18, [%rd15];

mad.lo.s32 %r46, %r45, 1664525, 1013904223;
xor.b32 %r47, %r18, %r46;
add.s64 %rd16, %rd3, 52;

ld.global.cg.u32 %r19, [%rd16];

mad.lo.s32 %r48, %r47, 1664525, 1013904223;
xor.b32 %r49, %r19, %r48;
add.s64 %rd17, %rd3, 56;

ld.global.cg.u32 %r20, [%rd17];

mad.lo.s32 %r50, %r49, 1664525, 1013904223;
xor.b32 %r51, %r20, %r50;
add.s64 %rd18, %rd3, 60;

ld.global.cg.u32 %r21, [%rd18];

mad.lo.s32 %r52, %r51, 1664525, 1013904223;
xor.b32 %r57, %r21, %r52;
add.s32 %r56, %r56, 48128;
setp.lt.u32 %p2, %r56, %r2;
@%p2 bra $L__BB0_2;
$L__BB0_3:
cvta.to.global.u64 %rd20, %rd2;
mul.lo.s32 %r53, %r1, 3;
mul.wide.u32 %rd21, %r53, 4;
add.s64 %rd22, %rd20, %rd21;
st.global.b32 [%rd22], %r57;
add.s32 %r54, %r53, 1;
mul.wide.u32 %rd23, %r54, 4;
add.s64 %rd24, %rd20, %rd23;
st.global.b32 [%rd24], %r1;
add.s32 %r55, %r53, 2;
mul.wide.u32 %rd25, %r55, 4;
add.s64 %rd26, %rd20, %rd25;
st.global.b32 [%rd26], 0;
ret;

}

.visible .entry _Z14energy_fixtureILi64ELi0ELi0ELi0EEvPKjPjj(
.param .u64 .ptr .align 1 _Z14energy_fixtureILi64ELi0ELi0ELi0EEvPKjPjj_param_0,
.param .u64 .ptr .align 1 _Z14energy_fixtureILi64ELi0ELi0ELi0EEvPKjPjj_param_1,
.param .u32 _Z14energy_fixtureILi64ELi0ELi0ELi0EEvPKjPjj_param_2
)
{
.reg .pred %p<3>;
.reg .b32 %r<202>;
.reg .b64 %rd<75>;

ld.param.b64 %rd1, [_Z14energy_fixtureILi64ELi0ELi0ELi0EEvPKjPjj_param_0];
ld.param.b64 %rd2, [_Z14energy_fixtureILi64ELi0ELi0ELi0EEvPKjPjj_param_1];
ld.param.b32 %r2, [_Z14energy_fixtureILi64ELi0ELi0ELi0EEvPKjPjj_param_2];
mov.u32 %r3, %ctaid.x;
mov.u32 %r4, %ntid.x;
mov.u32 %r5, %tid.x;
mad.lo.s32 %r1, %r3, %r4, %r5;
setp.ge.u32 %p1, %r1, %r2;
mov.b32 %r201, 0;
@%p1 bra $L__BB1_3;
mov.b32 %r201, 0;
mov.b32 %r200, %r1;
$L__BB1_2:
.pragma "nounroll";
mul.wide.u32 %rd67, %r200, 4;
add.s64 %rd3, %rd1, %rd67;

ld.global.cg.u32 %r6, [%rd3];

mad.lo.s32 %r70, %r201, 1664525, 1013904223;
xor.b32 %r71, %r6, %r70;
add.s64 %rd4, %rd3, 4;

ld.global.cg.u32 %r7, [%rd4];

mad.lo.s32 %r72, %r71, 1664525, 1013904223;
xor.b32 %r73, %r7, %r72;
add.s64 %rd5, %rd3, 8;

ld.global.cg.u32 %r8, [%rd5];

mad.lo.s32 %r74, %r73, 1664525, 1013904223;
xor.b32 %r75, %r8, %r74;
add.s64 %rd6, %rd3, 12;

ld.global.cg.u32 %r9, [%rd6];

mad.lo.s32 %r76, %r75, 1664525, 1013904223;
xor.b32 %r77, %r9, %r76;
add.s64 %rd7, %rd3, 16;

ld.global.cg.u32 %r10, [%rd7];

mad.lo.s32 %r78, %r77, 1664525, 1013904223;
xor.b32 %r79, %r10, %r78;
add.s64 %rd8, %rd3, 20;

ld.global.cg.u32 %r11, [%rd8];

mad.lo.s32 %r80, %r79, 1664525, 1013904223;
xor.b32 %r81, %r11, %r80;
add.s64 %rd9, %rd3, 24;

ld.global.cg.u32 %r12, [%rd9];

mad.lo.s32 %r82, %r81, 1664525, 1013904223;
xor.b32 %r83, %r12, %r82;
add.s64 %rd10, %rd3, 28;

ld.global.cg.u32 %r13, [%rd10];

mad.lo.s32 %r84, %r83, 1664525, 1013904223;
xor.b32 %r85, %r13, %r84;
add.s64 %rd11, %rd3, 32;

ld.global.cg.u32 %r14, [%rd11];

mad.lo.s32 %r86, %r85, 1664525, 1013904223;
xor.b32 %r87, %r14, %r86;
add.s64 %rd12, %rd3, 36;

ld.global.cg.u32 %r15, [%rd12];

mad.lo.s32 %r88, %r87, 1664525, 1013904223;
xor.b32 %r89, %r15, %r88;
add.s64 %rd13, %rd3, 40;

ld.global.cg.u32 %r16, [%rd13];

mad.lo.s32 %r90, %r89, 1664525, 1013904223;
xor.b32 %r91, %r16, %r90;
add.s64 %rd14, %rd3, 44;

ld.global.cg.u32 %r17, [%rd14];

mad.lo.s32 %r92, %r91, 1664525, 1013904223;
xor.b32 %r93, %r17, %r92;
add.s64 %rd15, %rd3, 48;

ld.global.cg.u32 %r18, [%rd15];

mad.lo.s32 %r94, %r93, 1664525, 1013904223;
xor.b32 %r95, %r18, %r94;
add.s64 %rd16, %rd3, 52;

ld.global.cg.u32 %r19, [%rd16];

mad.lo.s32 %r96, %r95, 1664525, 1013904223;
xor.b32 %r97, %r19, %r96;
add.s64 %rd17, %rd3, 56;

ld.global.cg.u32 %r20, [%rd17];

mad.lo.s32 %r98, %r97, 1664525, 1013904223;
xor.b32 %r99, %r20, %r98;
add.s64 %rd18, %rd3, 60;

ld.global.cg.u32 %r21, [%rd18];

mad.lo.s32 %r100, %r99, 1664525, 1013904223;
xor.b32 %r101, %r21, %r100;
add.s64 %rd19, %rd3, 64;

ld.global.cg.u32 %r22, [%rd19];

mad.lo.s32 %r102, %r101, 1664525, 1013904223;
xor.b32 %r103, %r22, %r102;
add.s64 %rd20, %rd3, 68;

ld.global.cg.u32 %r23, [%rd20];

mad.lo.s32 %r104, %r103, 1664525, 1013904223;
xor.b32 %r105, %r23, %r104;
add.s64 %rd21, %rd3, 72;

ld.global.cg.u32 %r24, [%rd21];

mad.lo.s32 %r106, %r105, 1664525, 1013904223;
xor.b32 %r107, %r24, %r106;
add.s64 %rd22, %rd3, 76;

ld.global.cg.u32 %r25, [%rd22];

mad.lo.s32 %r108, %r107, 1664525, 1013904223;
xor.b32 %r109, %r25, %r108;
add.s64 %rd23, %rd3, 80;

ld.global.cg.u32 %r26, [%rd23];

mad.lo.s32 %r110, %r109, 1664525, 1013904223;
xor.b32 %r111, %r26, %r110;
add.s64 %rd24, %rd3, 84;

ld.global.cg.u32 %r27, [%rd24];

mad.lo.s32 %r112, %r111, 1664525, 1013904223;
xor.b32 %r113, %r27, %r112;
add.s64 %rd25, %rd3, 88;

ld.global.cg.u32 %r28, [%rd25];

mad.lo.s32 %r114, %r113, 1664525, 1013904223;
xor.b32 %r115, %r28, %r114;
add.s64 %rd26, %rd3, 92;

ld.global.cg.u32 %r29, [%rd26];

mad.lo.s32 %r116, %r115, 1664525, 1013904223;
xor.b32 %r117, %r29, %r116;
add.s64 %rd27, %rd3, 96;

ld.global.cg.u32 %r30, [%rd27];

mad.lo.s32 %r118, %r117, 1664525, 1013904223;
xor.b32 %r119, %r30, %r118;
add.s64 %rd28, %rd3, 100;

ld.global.cg.u32 %r31, [%rd28];

mad.lo.s32 %r120, %r119, 1664525, 1013904223;
xor.b32 %r121, %r31, %r120;
add.s64 %rd29, %rd3, 104;

ld.global.cg.u32 %r32, [%rd29];

mad.lo.s32 %r122, %r121, 1664525, 1013904223;
xor.b32 %r123, %r32, %r122;
add.s64 %rd30, %rd3, 108;

ld.global.cg.u32 %r33, [%rd30];

mad.lo.s32 %r124, %r123, 1664525, 1013904223;
xor.b32 %r125, %r33, %r124;
add.s64 %rd31, %rd3, 112;

ld.global.cg.u32 %r34, [%rd31];

mad.lo.s32 %r126, %r125, 1664525, 1013904223;
xor.b32 %r127, %r34, %r126;
add.s64 %rd32, %rd3, 116;

ld.global.cg.u32 %r35, [%rd32];

mad.lo.s32 %r128, %r127, 1664525, 1013904223;
xor.b32 %r129, %r35, %r128;
add.s64 %rd33, %rd3, 120;

ld.global.cg.u32 %r36, [%rd33];

mad.lo.s32 %r130, %r129, 1664525, 1013904223;
xor.b32 %r131, %r36, %r130;
add.s64 %rd34, %rd3, 124;

ld.global.cg.u32 %r37, [%rd34];

mad.lo.s32 %r132, %r131, 1664525, 1013904223;
xor.b32 %r133, %r37, %r132;
add.s64 %rd35, %rd3, 128;

ld.global.cg.u32 %r38, [%rd35];

mad.lo.s32 %r134, %r133, 1664525, 1013904223;
xor.b32 %r135, %r38, %r134;
add.s64 %rd36, %rd3, 132;

ld.global.cg.u32 %r39, [%rd36];

mad.lo.s32 %r136, %r135, 1664525, 1013904223;
xor.b32 %r137, %r39, %r136;
add.s64 %rd37, %rd3, 136;

ld.global.cg.u32 %r40, [%rd37];

mad.lo.s32 %r138, %r137, 1664525, 1013904223;
xor.b32 %r139, %r40, %r138;
add.s64 %rd38, %rd3, 140;

ld.global.cg.u32 %r41, [%rd38];

mad.lo.s32 %r140, %r139, 1664525, 1013904223;
xor.b32 %r141, %r41, %r140;
add.s64 %rd39, %rd3, 144;

ld.global.cg.u32 %r42, [%rd39];

mad.lo.s32 %r142, %r141, 1664525, 1013904223;
xor.b32 %r143, %r42, %r142;
add.s64 %rd40, %rd3, 148;

ld.global.cg.u32 %r43, [%rd40];

mad.lo.s32 %r144, %r143, 1664525, 1013904223;
xor.b32 %r145, %r43, %r144;
add.s64 %rd41, %rd3, 152;

ld.global.cg.u32 %r44, [%rd41];

mad.lo.s32 %r146, %r145, 1664525, 1013904223;
xor.b32 %r147, %r44, %r146;
add.s64 %rd42, %rd3, 156;

ld.global.cg.u32 %r45, [%rd42];

mad.lo.s32 %r148, %r147, 1664525, 1013904223;
xor.b32 %r149, %r45, %r148;
add.s64 %rd43, %rd3, 160;

ld.global.cg.u32 %r46, [%rd43];

mad.lo.s32 %r150, %r149, 1664525, 1013904223;
xor.b32 %r151, %r46, %r150;
add.s64 %rd44, %rd3, 164;

ld.global.cg.u32 %r47, [%rd44];

mad.lo.s32 %r152, %r151, 1664525, 1013904223;
xor.b32 %r153, %r47, %r152;
add.s64 %rd45, %rd3, 168;

ld.global.cg.u32 %r48, [%rd45];

mad.lo.s32 %r154, %r153, 1664525, 1013904223;
xor.b32 %r155, %r48, %r154;
add.s64 %rd46, %rd3, 172;

ld.global.cg.u32 %r49, [%rd46];

mad.lo.s32 %r156, %r155, 1664525, 1013904223;
xor.b32 %r157, %r49, %r156;
add.s64 %rd47, %rd3, 176;

ld.global.cg.u32 %r50, [%rd47];

mad.lo.s32 %r158, %r157, 1664525, 1013904223;
xor.b32 %r159, %r50, %r158;
add.s64 %rd48, %rd3, 180;

ld.global.cg.u32 %r51, [%rd48];

mad.lo.s32 %r160, %r159, 1664525, 1013904223;
xor.b32 %r161, %r51, %r160;
add.s64 %rd49, %rd3, 184;

ld.global.cg.u32 %r52, [%rd49];

mad.lo.s32 %r162, %r161, 1664525, 1013904223;
xor.b32 %r163, %r52, %r162;
add.s64 %rd50, %rd3, 188;

ld.global.cg.u32 %r53, [%rd50];

mad.lo.s32 %r164, %r163, 1664525, 1013904223;
xor.b32 %r165, %r53, %r164;
add.s64 %rd51, %rd3, 192;

ld.global.cg.u32 %r54, [%rd51];

mad.lo.s32 %r166, %r165, 1664525, 1013904223;
xor.b32 %r167, %r54, %r166;
add.s64 %rd52, %rd3, 196;

ld.global.cg.u32 %r55, [%rd52];

mad.lo.s32 %r168, %r167, 1664525, 1013904223;
xor.b32 %r169, %r55, %r168;
add.s64 %rd53, %rd3, 200;

ld.global.cg.u32 %r56, [%rd53];

mad.lo.s32 %r170, %r169, 1664525, 1013904223;
xor.b32 %r171, %r56, %r170;
add.s64 %rd54, %rd3, 204;

ld.global.cg.u32 %r57, [%rd54];

mad.lo.s32 %r172, %r171, 1664525, 1013904223;
xor.b32 %r173, %r57, %r172;
add.s64 %rd55, %rd3, 208;

ld.global.cg.u32 %r58, [%rd55];

mad.lo.s32 %r174, %r173, 1664525, 1013904223;
xor.b32 %r175, %r58, %r174;
add.s64 %rd56, %rd3, 212;

ld.global.cg.u32 %r59, [%rd56];

mad.lo.s32 %r176, %r175, 1664525, 1013904223;
xor.b32 %r177, %r59, %r176;
add.s64 %rd57, %rd3, 216;

ld.global.cg.u32 %r60, [%rd57];

mad.lo.s32 %r178, %r177, 1664525, 1013904223;
xor.b32 %r179, %r60, %r178;
add.s64 %rd58, %rd3, 220;

ld.global.cg.u32 %r61, [%rd58];

mad.lo.s32 %r180, %r179, 1664525, 1013904223;
xor.b32 %r181, %r61, %r180;
add.s64 %rd59, %rd3, 224;

ld.global.cg.u32 %r62, [%rd59];

mad.lo.s32 %r182, %r181, 1664525, 1013904223;
xor.b32 %r183, %r62, %r182;
add.s64 %rd60, %rd3, 228;

ld.global.cg.u32 %r63, [%rd60];

mad.lo.s32 %r184, %r183, 1664525, 1013904223;
xor.b32 %r185, %r63, %r184;
add.s64 %rd61, %rd3, 232;

ld.global.cg.u32 %r64, [%rd61];

mad.lo.s32 %r186, %r185, 1664525, 1013904223;
xor.b32 %r187, %r64, %r186;
add.s64 %rd62, %rd3, 236;

ld.global.cg.u32 %r65, [%rd62];

mad.lo.s32 %r188, %r187, 1664525, 1013904223;
xor.b32 %r189, %r65, %r188;
add.s64 %rd63, %rd3, 240;

ld.global.cg.u32 %r66, [%rd63];

mad.lo.s32 %r190, %r189, 1664525, 1013904223;
xor.b32 %r191, %r66, %r190;
add.s64 %rd64, %rd3, 244;

ld.global.cg.u32 %r67, [%rd64];

mad.lo.s32 %r192, %r191, 1664525, 1013904223;
xor.b32 %r193, %r67, %r192;
add.s64 %rd65, %rd3, 248;

ld.global.cg.u32 %r68, [%rd65];

mad.lo.s32 %r194, %r193, 1664525, 1013904223;
xor.b32 %r195, %r68, %r194;
add.s64 %rd66, %rd3, 252;

ld.global.cg.u32 %r69, [%rd66];

mad.lo.s32 %r196, %r195, 1664525, 1013904223;
xor.b32 %r201, %r69, %r196;
add.s32 %r200, %r200, 48128;
setp.lt.u32 %p2, %r200, %r2;
@%p2 bra $L__BB1_2;
$L__BB1_3:
cvta.to.global.u64 %rd68, %rd2;
mul.lo.s32 %r197, %r1, 3;
mul.wide.u32 %rd69, %r197, 4;
add.s64 %rd70, %rd68, %rd69;
st.global.b32 [%rd70], %r201;
add.s32 %r198, %r197, 1;
mul.wide.u32 %rd71, %r198, 4;
add.s64 %rd72, %rd68, %rd71;
st.global.b32 [%rd72], %r1;
add.s32 %r199, %r197, 2;
mul.wide.u32 %rd73, %r199, 4;
add.s64 %rd74, %rd68, %rd73;
st.global.b32 [%rd74], 0;
ret;

}

.visible .entry _Z14energy_fixtureILi1ELi16ELi0ELi0EEvPKjPjj(
.param .u64 .ptr .align 1 _Z14energy_fixtureILi1ELi16ELi0ELi0EEvPKjPjj_param_0,
.param .u64 .ptr .align 1 _Z14energy_fixtureILi1ELi16ELi0ELi0EEvPKjPjj_param_1,
.param .u32 _Z14energy_fixtureILi1ELi16ELi0ELi0EEvPKjPjj_param_2
)
{
.reg .pred %p<3>;
.reg .b32 %r<15>;
.reg .b64 %rd<12>;

ld.param.b64 %rd1, [_Z14energy_fixtureILi1ELi16ELi0ELi0EEvPKjPjj_param_0];
ld.param.b64 %rd2, [_Z14energy_fixtureILi1ELi16ELi0ELi0EEvPKjPjj_param_1];
ld.param.b32 %r2, [_Z14energy_fixtureILi1ELi16ELi0ELi0EEvPKjPjj_param_2];
mov.u32 %r3, %ctaid.x;
mov.u32 %r4, %ntid.x;
mov.u32 %r5, %tid.x;
mad.lo.s32 %r1, %r3, %r4, %r5;
setp.ge.u32 %p1, %r1, %r2;
mov.b32 %r14, 0;
@%p1 bra $L__BB2_3;
mov.b32 %r14, 0;
mov.b32 %r13, %r1;
$L__BB2_2:
.pragma "nounroll";
mul.wide.u32 %rd4, %r13, 4;
add.s64 %rd3, %rd1, %rd4;

ld.global.cg.u32 %r8, [%rd3];

mov.b32 %r6, 1065336832;
mov.b32 %r7, 981467136;

fma.rn.f32 %r8, %r8, %r6, %r7;


fma.rn.f32 %r8, %r8, %r6, %r7;


fma.rn.f32 %r8, %r8, %r6, %r7;


fma.rn.f32 %r8, %r8, %r6, %r7;


fma.rn.f32 %r8, %r8, %r6, %r7;


fma.rn.f32 %r8, %r8, %r6, %r7;


fma.rn.f32 %r8, %r8, %r6, %r7;


fma.rn.f32 %r8, %r8, %r6, %r7;


fma.rn.f32 %r8, %r8, %r6, %r7;


fma.rn.f32 %r8, %r8, %r6, %r7;


fma.rn.f32 %r8, %r8, %r6, %r7;


fma.rn.f32 %r8, %r8, %r6, %r7;


fma.rn.f32 %r8, %r8, %r6, %r7;


fma.rn.f32 %r8, %r8, %r6, %r7;


fma.rn.f32 %r8, %r8, %r6, %r7;


fma.rn.f32 %r8, %r8, %r6, %r7;

mad.lo.s32 %r9, %r14, 1664525, 1013904223;
xor.b32 %r14, %r9, %r8;
add.s32 %r13, %r13, 48128;
setp.lt.u32 %p2, %r13, %r2;
@%p2 bra $L__BB2_2;
$L__BB2_3:
cvta.to.global.u64 %rd5, %rd2;
mul.lo.s32 %r10, %r1, 3;
mul.wide.u32 %rd6, %r10, 4;
add.s64 %rd7, %rd5, %rd6;
st.global.b32 [%rd7], %r14;
add.s32 %r11, %r10, 1;
mul.wide.u32 %rd8, %r11, 4;
add.s64 %rd9, %rd5, %rd8;
st.global.b32 [%rd9], %r1;
add.s32 %r12, %r10, 2;
mul.wide.u32 %rd10, %r12, 4;
add.s64 %rd11, %rd5, %rd10;
st.global.b32 [%rd11], 0;
ret;

}

.visible .entry _Z14energy_fixtureILi1ELi64ELi0ELi0EEvPKjPjj(
.param .u64 .ptr .align 1 _Z14energy_fixtureILi1ELi64ELi0ELi0EEvPKjPjj_param_0,
.param .u64 .ptr .align 1 _Z14energy_fixtureILi1ELi64ELi0ELi0EEvPKjPjj_param_1,
.param .u32 _Z14energy_fixtureILi1ELi64ELi0ELi0EEvPKjPjj_param_2
)
{
.reg .pred %p<3>;
.reg .b32 %r<15>;
.reg .b64 %rd<12>;

ld.param.b64 %rd1, [_Z14energy_fixtureILi1ELi64ELi0ELi0EEvPKjPjj_param_0];
ld.param.b64 %rd2, [_Z14energy_fixtureILi1ELi64ELi0ELi0EEvPKjPjj_param_1];
ld.param.b32 %r2, [_Z14energy_fixtureILi1ELi64ELi0ELi0EEvPKjPjj_param_2];
mov.u32 %r3, %ctaid.x;
mov.u32 %r4, %ntid.x;
mov.u32 %r5, %tid.x;
mad.lo.s32 %r1, %r3, %r4, %r5;
setp.ge.u32 %p1, %r1, %r2;
mov.b32 %r14, 0;
@%p1 bra $L__BB3_3;
mov.b32 %r14, 0;
mov.b32 %r13, %r1;
$L__BB3_2:
.pragma "nounroll";
mul.wide.u32 %rd4, %r13, 4;
add.s64 %rd3, %rd1, %rd4;

ld.global.cg.u32 %r8, [%rd3];

mov.b32 %r6, 1065336832;
mov.b32 %r7, 981467136;

fma.rn.f32 %r8, %r8, %r6, %r7;


fma.rn.f32 %r8, %r8, %r6, %r7;


fma.rn.f32 %r8, %r8, %r6, %r7;


fma.rn.f32 %r8, %r8, %r6, %r7;


fma.rn.f32 %r8, %r8, %r6, %r7;


fma.rn.f32 %r8, %r8, %r6, %r7;


fma.rn.f32 %r8, %r8, %r6, %r7;


fma.rn.f32 %r8, %r8, %r6, %r7;


fma.rn.f32 %r8, %r8, %r6, %r7;


fma.rn.f32 %r8, %r8, %r6, %r7;


fma.rn.f32 %r8, %r8, %r6, %r7;


fma.rn.f32 %r8, %r8, %r6, %r7;


fma.rn.f32 %r8, %r8, %r6, %r7;


fma.rn.f32 %r8, %r8, %r6, %r7;


fma.rn.f32 %r8, %r8, %r6, %r7;


fma.rn.f32 %r8, %r8, %r6, %r7;


fma.rn.f32 %r8, %r8, %r6, %r7;


fma.rn.f32 %r8, %r8, %r6, %r7;


fma.rn.f32 %r8, %r8, %r6, %r7;


fma.rn.f32 %r8, %r8, %r6, %r7;


fma.rn.f32 %r8, %r8, %r6, %r7;


fma.rn.f32 %r8, %r8, %r6, %r7;


fma.rn.f32 %r8, %r8, %r6, %r7;


fma.rn.f32 %r8, %r8, %r6, %r7;


fma.rn.f32 %r8, %r8, %r6, %r7;


fma.rn.f32 %r8, %r8, %r6, %r7;


fma.rn.f32 %r8, %r8, %r6, %r7;


fma.rn.f32 %r8, %r8, %r6, %r7;


fma.rn.f32 %r8, %r8, %r6, %r7;


fma.rn.f32 %r8, %r8, %r6, %r7;


fma.rn.f32 %r8, %r8, %r6, %r7;


fma.rn.f32 %r8, %r8, %r6, %r7;


fma.rn.f32 %r8, %r8, %r6, %r7;


fma.rn.f32 %r8, %r8, %r6, %r7;


fma.rn.f32 %r8, %r8, %r6, %r7;


fma.rn.f32 %r8, %r8, %r6, %r7;


fma.rn.f32 %r8, %r8, %r6, %r7;


fma.rn.f32 %r8, %r8, %r6, %r7;


fma.rn.f32 %r8, %r8, %r6, %r7;


fma.rn.f32 %r8, %r8, %r6, %r7;


fma.rn.f32 %r8, %r8, %r6, %r7;


fma.rn.f32 %r8, %r8, %r6, %r7;


fma.rn.f32 %r8, %r8, %r6, %r7;


fma.rn.f32 %r8, %r8, %r6, %r7;


fma.rn.f32 %r8, %r8, %r6, %r7;


fma.rn.f32 %r8, %r8, %r6, %r7;


fma.rn.f32 %r8, %r8, %r6, %r7;


fma.rn.f32 %r8, %r8, %r6, %r7;


fma.rn.f32 %r8, %r8, %r6, %r7;


fma.rn.f32 %r8, %r8, %r6, %r7;


fma.rn.f32 %r8, %r8, %r6, %r7;


fma.rn.f32 %r8, %r8, %r6, %r7;


fma.rn.f32 %r8, %r8, %r6, %r7;


fma.rn.f32 %r8, %r8, %r6, %r7;


fma.rn.f32 %r8, %r8, %r6, %r7;


fma.rn.f32 %r8, %r8, %r6, %r7;


fma.rn.f32 %r8, %r8, %r6, %r7;


fma.rn.f32 %r8, %r8, %r6, %r7;


fma.rn.f32 %r8, %r8, %r6, %r7;


fma.rn.f32 %r8, %r8, %r6, %r7;


fma.rn.f32 %r8, %r8, %r6, %r7;


fma.rn.f32 %r8, %r8, %r6, %r7;


fma.rn.f32 %r8, %r8, %r6, %r7;


fma.rn.f32 %r8, %r8, %r6, %r7;

mad.lo.s32 %r9, %r14, 1664525, 1013904223;
xor.b32 %r14, %r9, %r8;
add.s32 %r13, %r13, 48128;
setp.lt.u32 %p2, %r13, %r2;
@%p2 bra $L__BB3_2;
$L__BB3_3:
cvta.to.global.u64 %rd5, %rd2;
mul.lo.s32 %r10, %r1, 3;
mul.wide.u32 %rd6, %r10, 4;
add.s64 %rd7, %rd5, %rd6;
st.global.b32 [%rd7], %r14;
add.s32 %r11, %r10, 1;
mul.wide.u32 %rd8, %r11, 4;
add.s64 %rd9, %rd5, %rd8;
st.global.b32 [%rd9], %r1;
add.s32 %r12, %r10, 2;
mul.wide.u32 %rd10, %r12, 4;
add.s64 %rd11, %rd5, %rd10;
st.global.b32 [%rd11], 0;
ret;

}

.visible .entry _Z14energy_fixtureILi1ELi0ELi16ELi0EEvPKjPjj(
.param .u64 .ptr .align 1 _Z14energy_fixtureILi1ELi0ELi16ELi0EEvPKjPjj_param_0,
.param .u64 .ptr .align 1 _Z14energy_fixtureILi1ELi0ELi16ELi0EEvPKjPjj_param_1,
.param .u32 _Z14energy_fixtureILi1ELi0ELi16ELi0EEvPKjPjj_param_2
)
{
.reg .pred %p<3>;
.reg .b32 %r<45>;
.reg .b64 %rd<12>;

ld.param.b64 %rd1, [_Z14energy_fixtureILi1ELi0ELi16ELi0EEvPKjPjj_param_0];
ld.param.b64 %rd2, [_Z14energy_fixtureILi1ELi0ELi16ELi0EEvPKjPjj_param_1];
ld.param.b32 %r2, [_Z14energy_fixtureILi1ELi0ELi16ELi0EEvPKjPjj_param_2];
mov.u32 %r3, %ctaid.x;
mov.u32 %r4, %ntid.x;
mov.u32 %r5, %tid.x;
mad.lo.s32 %r1, %r3, %r4, %r5;
setp.ge.u32 %p1, %r1, %r2;
mov.b32 %r44, 0;
mov.b32 %r43, 0f00000000;
@%p1 bra $L__BB4_3;
mov.b32 %r44, 0;
mov.b32 %r42, %r1;
$L__BB4_2:
.pragma "nounroll";
mul.wide.u32 %rd4, %r42, 4;
add.s64 %rd3, %rd1, %rd4;

ld.global.cg.u32 %r6, [%rd3];

neg.f32 %r8, %r6;

ex2.approx.ftz.f32 %r7, %r8;

neg.f32 %r10, %r7;

ex2.approx.ftz.f32 %r9, %r10;

neg.f32 %r12, %r9;

ex2.approx.ftz.f32 %r11, %r12;

neg.f32 %r14, %r11;

ex2.approx.ftz.f32 %r13, %r14;

neg.f32 %r16, %r13;

ex2.approx.ftz.f32 %r15, %r16;

neg.f32 %r18, %r15;

ex2.approx.ftz.f32 %r17, %r18;

neg.f32 %r20, %r17;

ex2.approx.ftz.f32 %r19, %r20;

neg.f32 %r22, %r19;

ex2.approx.ftz.f32 %r21, %r22;

neg.f32 %r24, %r21;

ex2.approx.ftz.f32 %r23, %r24;

neg.f32 %r26, %r23;

ex2.approx.ftz.f32 %r25, %r26;

neg.f32 %r28, %r25;

ex2.approx.ftz.f32 %r27, %r28;

neg.f32 %r30, %r27;

ex2.approx.ftz.f32 %r29, %r30;

neg.f32 %r32, %r29;

ex2.approx.ftz.f32 %r31, %r32;

neg.f32 %r34, %r31;

ex2.approx.ftz.f32 %r33, %r34;

neg.f32 %r36, %r33;

ex2.approx.ftz.f32 %r35, %r36;

neg.f32 %r37, %r35;

ex2.approx.ftz.f32 %r43, %r37;

mad.lo.s32 %r38, %r44, 1664525, 1013904223;
xor.b32 %r44, %r6, %r38;
add.s32 %r42, %r42, 48128;
setp.lt.u32 %p2, %r42, %r2;
@%p2 bra $L__BB4_2;
$L__BB4_3:
cvta.to.global.u64 %rd5, %rd2;
mul.lo.s32 %r39, %r1, 3;
mul.wide.u32 %rd6, %r39, 4;
add.s64 %rd7, %rd5, %rd6;
st.global.b32 [%rd7], %r44;
add.s32 %r40, %r39, 1;
mul.wide.u32 %rd8, %r40, 4;
add.s64 %rd9, %rd5, %rd8;
st.global.b32 [%rd9], %r1;
add.s32 %r41, %r39, 2;
mul.wide.u32 %rd10, %r41, 4;
add.s64 %rd11, %rd5, %rd10;
st.global.b32 [%rd11], %r43;
ret;

}

.visible .entry _Z14energy_fixtureILi1ELi0ELi64ELi0EEvPKjPjj(
.param .u64 .ptr .align 1 _Z14energy_fixtureILi1ELi0ELi64ELi0EEvPKjPjj_param_0,
.param .u64 .ptr .align 1 _Z14energy_fixtureILi1ELi0ELi64ELi0EEvPKjPjj_param_1,
.param .u32 _Z14energy_fixtureILi1ELi0ELi64ELi0EEvPKjPjj_param_2
)
{
.reg .pred %p<3>;
.reg .b32 %r<141>;
.reg .b64 %rd<12>;

ld.param.b64 %rd1, [_Z14energy_fixtureILi1ELi0ELi64ELi0EEvPKjPjj_param_0];
ld.param.b64 %rd2, [_Z14energy_fixtureILi1ELi0ELi64ELi0EEvPKjPjj_param_1];
ld.param.b32 %r2, [_Z14energy_fixtureILi1ELi0ELi64ELi0EEvPKjPjj_param_2];
mov.u32 %r3, %ctaid.x;
mov.u32 %r4, %ntid.x;
mov.u32 %r5, %tid.x;
mad.lo.s32 %r1, %r3, %r4, %r5;
setp.ge.u32 %p1, %r1, %r2;
mov.b32 %r140, 0;
mov.b32 %r139, 0f00000000;
@%p1 bra $L__BB5_3;
mov.b32 %r140, 0;
mov.b32 %r138, %r1;
$L__BB5_2:
.pragma "nounroll";
mul.wide.u32 %rd4, %r138, 4;
add.s64 %rd3, %rd1, %rd4;

ld.global.cg.u32 %r6, [%rd3];

neg.f32 %r8, %r6;

ex2.approx.ftz.f32 %r7, %r8;

neg.f32 %r10, %r7;

ex2.approx.ftz.f32 %r9, %r10;

neg.f32 %r12, %r9;

ex2.approx.ftz.f32 %r11, %r12;

neg.f32 %r14, %r11;

ex2.approx.ftz.f32 %r13, %r14;

neg.f32 %r16, %r13;

ex2.approx.ftz.f32 %r15, %r16;

neg.f32 %r18, %r15;

ex2.approx.ftz.f32 %r17, %r18;

neg.f32 %r20, %r17;

ex2.approx.ftz.f32 %r19, %r20;

neg.f32 %r22, %r19;

ex2.approx.ftz.f32 %r21, %r22;

neg.f32 %r24, %r21;

ex2.approx.ftz.f32 %r23, %r24;

neg.f32 %r26, %r23;

ex2.approx.ftz.f32 %r25, %r26;

neg.f32 %r28, %r25;

ex2.approx.ftz.f32 %r27, %r28;

neg.f32 %r30, %r27;

ex2.approx.ftz.f32 %r29, %r30;

neg.f32 %r32, %r29;

ex2.approx.ftz.f32 %r31, %r32;

neg.f32 %r34, %r31;

ex2.approx.ftz.f32 %r33, %r34;

neg.f32 %r36, %r33;

ex2.approx.ftz.f32 %r35, %r36;

neg.f32 %r38, %r35;

ex2.approx.ftz.f32 %r37, %r38;

neg.f32 %r40, %r37;

ex2.approx.ftz.f32 %r39, %r40;

neg.f32 %r42, %r39;

ex2.approx.ftz.f32 %r41, %r42;

neg.f32 %r44, %r41;

ex2.approx.ftz.f32 %r43, %r44;

neg.f32 %r46, %r43;

ex2.approx.ftz.f32 %r45, %r46;

neg.f32 %r48, %r45;

ex2.approx.ftz.f32 %r47, %r48;

neg.f32 %r50, %r47;

ex2.approx.ftz.f32 %r49, %r50;

neg.f32 %r52, %r49;

ex2.approx.ftz.f32 %r51, %r52;

neg.f32 %r54, %r51;

ex2.approx.ftz.f32 %r53, %r54;

neg.f32 %r56, %r53;

ex2.approx.ftz.f32 %r55, %r56;

neg.f32 %r58, %r55;

ex2.approx.ftz.f32 %r57, %r58;

neg.f32 %r60, %r57;

ex2.approx.ftz.f32 %r59, %r60;

neg.f32 %r62, %r59;

ex2.approx.ftz.f32 %r61, %r62;

neg.f32 %r64, %r61;

ex2.approx.ftz.f32 %r63, %r64;

neg.f32 %r66, %r63;

ex2.approx.ftz.f32 %r65, %r66;

neg.f32 %r68, %r65;

ex2.approx.ftz.f32 %r67, %r68;

neg.f32 %r70, %r67;

ex2.approx.ftz.f32 %r69, %r70;

neg.f32 %r72, %r69;

ex2.approx.ftz.f32 %r71, %r72;

neg.f32 %r74, %r71;

ex2.approx.ftz.f32 %r73, %r74;

neg.f32 %r76, %r73;

ex2.approx.ftz.f32 %r75, %r76;

neg.f32 %r78, %r75;

ex2.approx.ftz.f32 %r77, %r78;

neg.f32 %r80, %r77;

ex2.approx.ftz.f32 %r79, %r80;

neg.f32 %r82, %r79;

ex2.approx.ftz.f32 %r81, %r82;

neg.f32 %r84, %r81;

ex2.approx.ftz.f32 %r83, %r84;

neg.f32 %r86, %r83;

ex2.approx.ftz.f32 %r85, %r86;

neg.f32 %r88, %r85;

ex2.approx.ftz.f32 %r87, %r88;

neg.f32 %r90, %r87;

ex2.approx.ftz.f32 %r89, %r90;

neg.f32 %r92, %r89;

ex2.approx.ftz.f32 %r91, %r92;

neg.f32 %r94, %r91;

ex2.approx.ftz.f32 %r93, %r94;

neg.f32 %r96, %r93;

ex2.approx.ftz.f32 %r95, %r96;

neg.f32 %r98, %r95;

ex2.approx.ftz.f32 %r97, %r98;

neg.f32 %r100, %r97;

ex2.approx.ftz.f32 %r99, %r100;

neg.f32 %r102, %r99;

ex2.approx.ftz.f32 %r101, %r102;

neg.f32 %r104, %r101;

ex2.approx.ftz.f32 %r103, %r104;

neg.f32 %r106, %r103;

ex2.approx.ftz.f32 %r105, %r106;

neg.f32 %r108, %r105;

ex2.approx.ftz.f32 %r107, %r108;

neg.f32 %r110, %r107;

ex2.approx.ftz.f32 %r109, %r110;

neg.f32 %r112, %r109;

ex2.approx.ftz.f32 %r111, %r112;

neg.f32 %r114, %r111;

ex2.approx.ftz.f32 %r113, %r114;

neg.f32 %r116, %r113;

ex2.approx.ftz.f32 %r115, %r116;

neg.f32 %r118, %r115;

ex2.approx.ftz.f32 %r117, %r118;

neg.f32 %r120, %r117;

ex2.approx.ftz.f32 %r119, %r120;

neg.f32 %r122, %r119;

ex2.approx.ftz.f32 %r121, %r122;

neg.f32 %r124, %r121;

ex2.approx.ftz.f32 %r123, %r124;

neg.f32 %r126, %r123;

ex2.approx.ftz.f32 %r125, %r126;

neg.f32 %r128, %r125;

ex2.approx.ftz.f32 %r127, %r128;

neg.f32 %r130, %r127;

ex2.approx.ftz.f32 %r129, %r130;

neg.f32 %r132, %r129;

ex2.approx.ftz.f32 %r131, %r132;

neg.f32 %r133, %r131;

ex2.approx.ftz.f32 %r139, %r133;

mad.lo.s32 %r134, %r140, 1664525, 1013904223;
xor.b32 %r140, %r6, %r134;
add.s32 %r138, %r138, 48128;
setp.lt.u32 %p2, %r138, %r2;
@%p2 bra $L__BB5_2;
$L__BB5_3:
cvta.to.global.u64 %rd5, %rd2;
mul.lo.s32 %r135, %r1, 3;
mul.wide.u32 %rd6, %r135, 4;
add.s64 %rd7, %rd5, %rd6;
st.global.b32 [%rd7], %r140;
add.s32 %r136, %r135, 1;
mul.wide.u32 %rd8, %r136, 4;
add.s64 %rd9, %rd5, %rd8;
st.global.b32 [%rd9], %r1;
add.s32 %r137, %r135, 2;
mul.wide.u32 %rd10, %r137, 4;
add.s64 %rd11, %rd5, %rd10;
st.global.b32 [%rd11], %r139;
ret;

}

.visible .entry _Z14energy_fixtureILi1ELi0ELi0ELi16EEvPKjPjj(
.param .u64 .ptr .align 1 _Z14energy_fixtureILi1ELi0ELi0ELi16EEvPKjPjj_param_0,
.param .u64 .ptr .align 1 _Z14energy_fixtureILi1ELi0ELi0ELi16EEvPKjPjj_param_1,
.param .u32 _Z14energy_fixtureILi1ELi0ELi0ELi16EEvPKjPjj_param_2
)
{
.reg .pred %p<3>;
.reg .b32 %r<64>;
.reg .b64 %rd<12>;

.shared .align 4 .b8 _ZZ14energy_fixtureILi1ELi0ELi0ELi16EEvPKjPjjE6shared[1024];
ld.param.b64 %rd1, [_Z14energy_fixtureILi1ELi0ELi0ELi16EEvPKjPjj_param_0];
ld.param.b64 %rd2, [_Z14energy_fixtureILi1ELi0ELi0ELi16EEvPKjPjj_param_1];
ld.param.b32 %r4, [_Z14energy_fixtureILi1ELi0ELi0ELi16EEvPKjPjj_param_2];
mov.u32 %r5, %ctaid.x;
mov.u32 %r6, %ntid.x;
mov.u32 %r1, %tid.x;
mad.lo.s32 %r2, %r5, %r6, %r1;
setp.ge.u32 %p1, %r2, %r4;
mov.b32 %r63, 0;
mov.b32 %r62, %r2;
@%p1 bra $L__BB6_3;
shl.b32 %r7, %r1, 2;
mov.b32 %r8, _ZZ14energy_fixtureILi1ELi0ELi0ELi16EEvPKjPjjE6shared;
add.s32 %r3, %r8, %r7;
mov.b32 %r63, 0;
mov.b32 %r62, %r2;
mov.b32 %r61, %r2;
$L__BB6_2:
.pragma "nounroll";
mul.wide.u32 %rd4, %r61, 4;
add.s64 %rd3, %rd1, %rd4;

ld.global.cg.u32 %r9, [%rd3];

xor.b32 %r10, %r62, %r9;
add.s32 %r11, %r10, %r62;
st.volatile.shared.b32 [%r3], %r11;
ld.volatile.shared.b32 %r12, [%r3];
xor.b32 %r13, %r12, %r9;
add.s32 %r14, %r13, %r12;
st.volatile.shared.b32 [%r3], %r14;
ld.volatile.shared.b32 %r15, [%r3];
xor.b32 %r16, %r15, %r9;
add.s32 %r17, %r16, %r15;
st.volatile.shared.b32 [%r3], %r17;
ld.volatile.shared.b32 %r18, [%r3];
xor.b32 %r19, %r18, %r9;
add.s32 %r20, %r19, %r18;
st.volatile.shared.b32 [%r3], %r20;
ld.volatile.shared.b32 %r21, [%r3];
xor.b32 %r22, %r21, %r9;
add.s32 %r23, %r22, %r21;
st.volatile.shared.b32 [%r3], %r23;
ld.volatile.shared.b32 %r24, [%r3];
xor.b32 %r25, %r24, %r9;
add.s32 %r26, %r25, %r24;
st.volatile.shared.b32 [%r3], %r26;
ld.volatile.shared.b32 %r27, [%r3];
xor.b32 %r28, %r27, %r9;
add.s32 %r29, %r28, %r27;
st.volatile.shared.b32 [%r3], %r29;
ld.volatile.shared.b32 %r30, [%r3];
xor.b32 %r31, %r30, %r9;
add.s32 %r32, %r31, %r30;
st.volatile.shared.b32 [%r3], %r32;
ld.volatile.shared.b32 %r33, [%r3];
xor.b32 %r34, %r33, %r9;
add.s32 %r35, %r34, %r33;
st.volatile.shared.b32 [%r3], %r35;
ld.volatile.shared.b32 %r36, [%r3];
xor.b32 %r37, %r36, %r9;
add.s32 %r38, %r37, %r36;
st.volatile.shared.b32 [%r3], %r38;
ld.volatile.shared.b32 %r39, [%r3];
xor.b32 %r40, %r39, %r9;
add.s32 %r41, %r40, %r39;
st.volatile.shared.b32 [%r3], %r41;
ld.volatile.shared.b32 %r42, [%r3];
xor.b32 %r43, %r42, %r9;
add.s32 %r44, %r43, %r42;
st.volatile.shared.b32 [%r3], %r44;
ld.volatile.shared.b32 %r45, [%r3];
xor.b32 %r46, %r45, %r9;
add.s32 %r47, %r46, %r45;
st.volatile.shared.b32 [%r3], %r47;
ld.volatile.shared.b32 %r48, [%r3];
xor.b32 %r49, %r48, %r9;
add.s32 %r50, %r49, %r48;
st.volatile.shared.b32 [%r3], %r50;
ld.volatile.shared.b32 %r51, [%r3];
xor.b32 %r52, %r51, %r9;
add.s32 %r53, %r52, %r51;
st.volatile.shared.b32 [%r3], %r53;
ld.volatile.shared.b32 %r54, [%r3];
xor.b32 %r55, %r54, %r9;
add.s32 %r56, %r55, %r54;
st.volatile.shared.b32 [%r3], %r56;
ld.volatile.shared.b32 %r62, [%r3];
mad.lo.s32 %r57, %r63, 1664525, 1013904223;
xor.b32 %r63, %r9, %r57;
add.s32 %r61, %r61, 48128;
setp.lt.u32 %p2, %r61, %r4;
@%p2 bra $L__BB6_2;
$L__BB6_3:
cvta.to.global.u64 %rd5, %rd2;
mul.lo.s32 %r58, %r2, 3;
mul.wide.u32 %rd6, %r58, 4;
add.s64 %rd7, %rd5, %rd6;
st.global.b32 [%rd7], %r63;
add.s32 %r59, %r58, 1;
mul.wide.u32 %rd8, %r59, 4;
add.s64 %rd9, %rd5, %rd8;
st.global.b32 [%rd9], %r62;
add.s32 %r60, %r58, 2;
mul.wide.u32 %rd10, %r60, 4;
add.s64 %rd11, %rd5, %rd10;
st.global.b32 [%rd11], 0;
ret;

}

.visible .entry _Z14energy_fixtureILi1ELi0ELi0ELi64EEvPKjPjj(
.param .u64 .ptr .align 1 _Z14energy_fixtureILi1ELi0ELi0ELi64EEvPKjPjj_param_0,
.param .u64 .ptr .align 1 _Z14energy_fixtureILi1ELi0ELi0ELi64EEvPKjPjj_param_1,
.param .u32 _Z14energy_fixtureILi1ELi0ELi0ELi64EEvPKjPjj_param_2
)
{
.reg .pred %p<3>;
.reg .b32 %r<208>;
.reg .b64 %rd<12>;

.shared .align 4 .b8 _ZZ14energy_fixtureILi1ELi0ELi0ELi64EEvPKjPjjE6shared[1024];
ld.param.b64 %rd1, [_Z14energy_fixtureILi1ELi0ELi0ELi64EEvPKjPjj_param_0];
ld.param.b64 %rd2, [_Z14energy_fixtureILi1ELi0ELi0ELi64EEvPKjPjj_param_1];
ld.param.b32 %r4, [_Z14energy_fixtureILi1ELi0ELi0ELi64EEvPKjPjj_param_2];
mov.u32 %r5, %ctaid.x;
mov.u32 %r6, %ntid.x;
mov.u32 %r1, %tid.x;
mad.lo.s32 %r2, %r5, %r6, %r1;
setp.ge.u32 %p1, %r2, %r4;
mov.b32 %r207, 0;
mov.b32 %r206, %r2;
@%p1 bra $L__BB7_3;
shl.b32 %r7, %r1, 2;
mov.b32 %r8, _ZZ14energy_fixtureILi1ELi0ELi0ELi64EEvPKjPjjE6shared;
add.s32 %r3, %r8, %r7;
mov.b32 %r207, 0;
mov.b32 %r206, %r2;
mov.b32 %r205, %r2;
$L__BB7_2:
.pragma "nounroll";
mul.wide.u32 %rd4, %r205, 4;
add.s64 %rd3, %rd1, %rd4;

ld.global.cg.u32 %r9, [%rd3];

xor.b32 %r10, %r206, %r9;
add.s32 %r11, %r10, %r206;
st.volatile.shared.b32 [%r3], %r11;
ld.volatile.shared.b32 %r12, [%r3];
xor.b32 %r13, %r12, %r9;
add.s32 %r14, %r13, %r12;
st.volatile.shared.b32 [%r3], %r14;
ld.volatile.shared.b32 %r15, [%r3];
xor.b32 %r16, %r15, %r9;
add.s32 %r17, %r16, %r15;
st.volatile.shared.b32 [%r3], %r17;
ld.volatile.shared.b32 %r18, [%r3];
xor.b32 %r19, %r18, %r9;
add.s32 %r20, %r19, %r18;
st.volatile.shared.b32 [%r3], %r20;
ld.volatile.shared.b32 %r21, [%r3];
xor.b32 %r22, %r21, %r9;
add.s32 %r23, %r22, %r21;
st.volatile.shared.b32 [%r3], %r23;
ld.volatile.shared.b32 %r24, [%r3];
xor.b32 %r25, %r24, %r9;
add.s32 %r26, %r25, %r24;
st.volatile.shared.b32 [%r3], %r26;
ld.volatile.shared.b32 %r27, [%r3];
xor.b32 %r28, %r27, %r9;
add.s32 %r29, %r28, %r27;
st.volatile.shared.b32 [%r3], %r29;
ld.volatile.shared.b32 %r30, [%r3];
xor.b32 %r31, %r30, %r9;
add.s32 %r32, %r31, %r30;
st.volatile.shared.b32 [%r3], %r32;
ld.volatile.shared.b32 %r33, [%r3];
xor.b32 %r34, %r33, %r9;
add.s32 %r35, %r34, %r33;
st.volatile.shared.b32 [%r3], %r35;
ld.volatile.shared.b32 %r36, [%r3];
xor.b32 %r37, %r36, %r9;
add.s32 %r38, %r37, %r36;
st.volatile.shared.b32 [%r3], %r38;
ld.volatile.shared.b32 %r39, [%r3];
xor.b32 %r40, %r39, %r9;
add.s32 %r41, %r40, %r39;
st.volatile.shared.b32 [%r3], %r41;
ld.volatile.shared.b32 %r42, [%r3];
xor.b32 %r43, %r42, %r9;
add.s32 %r44, %r43, %r42;
st.volatile.shared.b32 [%r3], %r44;
ld.volatile.shared.b32 %r45, [%r3];
xor.b32 %r46, %r45, %r9;
add.s32 %r47, %r46, %r45;
st.volatile.shared.b32 [%r3], %r47;
ld.volatile.shared.b32 %r48, [%r3];
xor.b32 %r49, %r48, %r9;
add.s32 %r50, %r49, %r48;
st.volatile.shared.b32 [%r3], %r50;
ld.volatile.shared.b32 %r51, [%r3];
xor.b32 %r52, %r51, %r9;
add.s32 %r53, %r52, %r51;
st.volatile.shared.b32 [%r3], %r53;
ld.volatile.shared.b32 %r54, [%r3];
xor.b32 %r55, %r54, %r9;
add.s32 %r56, %r55, %r54;
st.volatile.shared.b32 [%r3], %r56;
ld.volatile.shared.b32 %r57, [%r3];
xor.b32 %r58, %r57, %r9;
add.s32 %r59, %r58, %r57;
st.volatile.shared.b32 [%r3], %r59;
ld.volatile.shared.b32 %r60, [%r3];
xor.b32 %r61, %r60, %r9;
add.s32 %r62, %r61, %r60;
st.volatile.shared.b32 [%r3], %r62;
ld.volatile.shared.b32 %r63, [%r3];
xor.b32 %r64, %r63, %r9;
add.s32 %r65, %r64, %r63;
st.volatile.shared.b32 [%r3], %r65;
ld.volatile.shared.b32 %r66, [%r3];
xor.b32 %r67, %r66, %r9;
add.s32 %r68, %r67, %r66;
st.volatile.shared.b32 [%r3], %r68;
ld.volatile.shared.b32 %r69, [%r3];
xor.b32 %r70, %r69, %r9;
add.s32 %r71, %r70, %r69;
st.volatile.shared.b32 [%r3], %r71;
ld.volatile.shared.b32 %r72, [%r3];
xor.b32 %r73, %r72, %r9;
add.s32 %r74, %r73, %r72;
st.volatile.shared.b32 [%r3], %r74;
ld.volatile.shared.b32 %r75, [%r3];
xor.b32 %r76, %r75, %r9;
add.s32 %r77, %r76, %r75;
st.volatile.shared.b32 [%r3], %r77;
ld.volatile.shared.b32 %r78, [%r3];
xor.b32 %r79, %r78, %r9;
add.s32 %r80, %r79, %r78;
st.volatile.shared.b32 [%r3], %r80;
ld.volatile.shared.b32 %r81, [%r3];
xor.b32 %r82, %r81, %r9;
add.s32 %r83, %r82, %r81;
st.volatile.shared.b32 [%r3], %r83;
ld.volatile.shared.b32 %r84, [%r3];
xor.b32 %r85, %r84, %r9;
add.s32 %r86, %r85, %r84;
st.volatile.shared.b32 [%r3], %r86;
ld.volatile.shared.b32 %r87, [%r3];
xor.b32 %r88, %r87, %r9;
add.s32 %r89, %r88, %r87;
st.volatile.shared.b32 [%r3], %r89;
ld.volatile.shared.b32 %r90, [%r3];
xor.b32 %r91, %r90, %r9;
add.s32 %r92, %r91, %r90;
st.volatile.shared.b32 [%r3], %r92;
ld.volatile.shared.b32 %r93, [%r3];
xor.b32 %r94, %r93, %r9;
add.s32 %r95, %r94, %r93;
st.volatile.shared.b32 [%r3], %r95;
ld.volatile.shared.b32 %r96, [%r3];
xor.b32 %r97, %r96, %r9;
add.s32 %r98, %r97, %r96;
st.volatile.shared.b32 [%r3], %r98;
ld.volatile.shared.b32 %r99, [%r3];
xor.b32 %r100, %r99, %r9;
add.s32 %r101, %r100, %r99;
st.volatile.shared.b32 [%r3], %r101;
ld.volatile.shared.b32 %r102, [%r3];
xor.b32 %r103, %r102, %r9;
add.s32 %r104, %r103, %r102;
st.volatile.shared.b32 [%r3], %r104;
ld.volatile.shared.b32 %r105, [%r3];
xor.b32 %r106, %r105, %r9;
add.s32 %r107, %r106, %r105;
st.volatile.shared.b32 [%r3], %r107;
ld.volatile.shared.b32 %r108, [%r3];
xor.b32 %r109, %r108, %r9;
add.s32 %r110, %r109, %r108;
st.volatile.shared.b32 [%r3], %r110;
ld.volatile.shared.b32 %r111, [%r3];
xor.b32 %r112, %r111, %r9;
add.s32 %r113, %r112, %r111;
st.volatile.shared.b32 [%r3], %r113;
ld.volatile.shared.b32 %r114, [%r3];
xor.b32 %r115, %r114, %r9;
add.s32 %r116, %r115, %r114;
st.volatile.shared.b32 [%r3], %r116;
ld.volatile.shared.b32 %r117, [%r3];
xor.b32 %r118, %r117, %r9;
add.s32 %r119, %r118, %r117;
st.volatile.shared.b32 [%r3], %r119;
ld.volatile.shared.b32 %r120, [%r3];
xor.b32 %r121, %r120, %r9;
add.s32 %r122, %r121, %r120;
st.volatile.shared.b32 [%r3], %r122;
ld.volatile.shared.b32 %r123, [%r3];
xor.b32 %r124, %r123, %r9;
add.s32 %r125, %r124, %r123;
st.volatile.shared.b32 [%r3], %r125;
ld.volatile.shared.b32 %r126, [%r3];
xor.b32 %r127, %r126, %r9;
add.s32 %r128, %r127, %r126;
st.volatile.shared.b32 [%r3], %r128;
ld.volatile.shared.b32 %r129, [%r3];
xor.b32 %r130, %r129, %r9;
add.s32 %r131, %r130, %r129;
st.volatile.shared.b32 [%r3], %r131;
ld.volatile.shared.b32 %r132, [%r3];
xor.b32 %r133, %r132, %r9;
add.s32 %r134, %r133, %r132;
st.volatile.shared.b32 [%r3], %r134;
ld.volatile.shared.b32 %r135, [%r3];
xor.b32 %r136, %r135, %r9;
add.s32 %r137, %r136, %r135;
st.volatile.shared.b32 [%r3], %r137;
ld.volatile.shared.b32 %r138, [%r3];
xor.b32 %r139, %r138, %r9;
add.s32 %r140, %r139, %r138;
st.volatile.shared.b32 [%r3], %r140;
ld.volatile.shared.b32 %r141, [%r3];
xor.b32 %r142, %r141, %r9;
add.s32 %r143, %r142, %r141;
st.volatile.shared.b32 [%r3], %r143;
ld.volatile.shared.b32 %r144, [%r3];
xor.b32 %r145, %r144, %r9;
add.s32 %r146, %r145, %r144;
st.volatile.shared.b32 [%r3], %r146;
ld.volatile.shared.b32 %r147, [%r3];
xor.b32 %r148, %r147, %r9;
add.s32 %r149, %r148, %r147;
st.volatile.shared.b32 [%r3], %r149;
ld.volatile.shared.b32 %r150, [%r3];
xor.b32 %r151, %r150, %r9;
add.s32 %r152, %r151, %r150;
st.volatile.shared.b32 [%r3], %r152;
ld.volatile.shared.b32 %r153, [%r3];
xor.b32 %r154, %r153, %r9;
add.s32 %r155, %r154, %r153;
st.volatile.shared.b32 [%r3], %r155;
ld.volatile.shared.b32 %r156, [%r3];
xor.b32 %r157, %r156, %r9;
add.s32 %r158, %r157, %r156;
st.volatile.shared.b32 [%r3], %r158;
ld.volatile.shared.b32 %r159, [%r3];
xor.b32 %r160, %r159, %r9;
add.s32 %r161, %r160, %r159;
st.volatile.shared.b32 [%r3], %r161;
ld.volatile.shared.b32 %r162, [%r3];
xor.b32 %r163, %r162, %r9;
add.s32 %r164, %r163, %r162;
st.volatile.shared.b32 [%r3], %r164;
ld.volatile.shared.b32 %r165, [%r3];
xor.b32 %r166, %r165, %r9;
add.s32 %r167, %r166, %r165;
st.volatile.shared.b32 [%r3], %r167;
ld.volatile.shared.b32 %r168, [%r3];
xor.b32 %r169, %r168, %r9;
add.s32 %r170, %r169, %r168;
st.volatile.shared.b32 [%r3], %r170;
ld.volatile.shared.b32 %r171, [%r3];
xor.b32 %r172, %r171, %r9;
add.s32 %r173, %r172, %r171;
st.volatile.shared.b32 [%r3], %r173;
ld.volatile.shared.b32 %r174, [%r3];
xor.b32 %r175, %r174, %r9;
add.s32 %r176, %r175, %r174;
st.volatile.shared.b32 [%r3], %r176;
ld.volatile.shared.b32 %r177, [%r3];
xor.b32 %r178, %r177, %r9;
add.s32 %r179, %r178, %r177;
st.volatile.shared.b32 [%r3], %r179;
ld.volatile.shared.b32 %r180, [%r3];
xor.b32 %r181, %r180, %r9;
add.s32 %r182, %r181, %r180;
st.volatile.shared.b32 [%r3], %r182;
ld.volatile.shared.b32 %r183, [%r3];
xor.b32 %r184, %r183, %r9;
add.s32 %r185, %r184, %r183;
st.volatile.shared.b32 [%r3], %r185;
ld.volatile.shared.b32 %r186, [%r3];
xor.b32 %r187, %r186, %r9;
add.s32 %r188, %r187, %r186;
st.volatile.shared.b32 [%r3], %r188;
ld.volatile.shared.b32 %r189, [%r3];
xor.b32 %r190, %r189, %r9;
add.s32 %r191, %r190, %r189;
st.volatile.shared.b32 [%r3], %r191;
ld.volatile.shared.b32 %r192, [%r3];
xor.b32 %r193, %r192, %r9;
add.s32 %r194, %r193, %r192;
st.volatile.shared.b32 [%r3], %r194;
ld.volatile.shared.b32 %r195, [%r3];
xor.b32 %r196, %r195, %r9;
add.s32 %r197, %r196, %r195;
st.volatile.shared.b32 [%r3], %r197;
ld.volatile.shared.b32 %r198, [%r3];
xor.b32 %r199, %r198, %r9;
add.s32 %r200, %r199, %r198;
st.volatile.shared.b32 [%r3], %r200;
ld.volatile.shared.b32 %r206, [%r3];
mad.lo.s32 %r201, %r207, 1664525, 1013904223;
xor.b32 %r207, %r9, %r201;
add.s32 %r205, %r205, 48128;
setp.lt.u32 %p2, %r205, %r4;
@%p2 bra $L__BB7_2;
$L__BB7_3:
cvta.to.global.u64 %rd5, %rd2;
mul.lo.s32 %r202, %r2, 3;
mul.wide.u32 %rd6, %r202, 4;
add.s64 %rd7, %rd5, %rd6;
st.global.b32 [%rd7], %r207;
add.s32 %r203, %r202, 1;
mul.wide.u32 %rd8, %r203, 4;
add.s64 %rd9, %rd5, %rd8;
st.global.b32 [%rd9], %r206;
add.s32 %r204, %r202, 2;
mul.wide.u32 %rd10, %r204, 4;
add.s64 %rd11, %rd5, %rd10;
st.global.b32 [%rd11], 0;
ret;

}

.visible .entry _Z14energy_fixtureILi1ELi8ELi8ELi8EEvPKjPjj(
.param .u64 .ptr .align 1 _Z14energy_fixtureILi1ELi8ELi8ELi8EEvPKjPjj_param_0,
.param .u64 .ptr .align 1 _Z14energy_fixtureILi1ELi8ELi8ELi8EEvPKjPjj_param_1,
.param .u32 _Z14energy_fixtureILi1ELi8ELi8ELi8EEvPKjPjj_param_2
)
{
.reg .pred %p<3>;
.reg .b32 %r<59>;
.reg .b64 %rd<12>;

.shared .align 4 .b8 _ZZ14energy_fixtureILi1ELi8ELi8ELi8EEvPKjPjjE6shared[1024];
ld.param.b64 %rd1, [_Z14energy_fixtureILi1ELi8ELi8ELi8EEvPKjPjj_param_0];
ld.param.b64 %rd2, [_Z14energy_fixtureILi1ELi8ELi8ELi8EEvPKjPjj_param_1];
ld.param.b32 %r4, [_Z14energy_fixtureILi1ELi8ELi8ELi8EEvPKjPjj_param_2];
mov.u32 %r5, %ctaid.x;
mov.u32 %r6, %ntid.x;
mov.u32 %r1, %tid.x;
mad.lo.s32 %r2, %r5, %r6, %r1;
setp.ge.u32 %p1, %r2, %r4;
mov.b32 %r58, 0;
mov.b32 %r56, 0f00000000;
mov.b32 %r57, %r2;
@%p1 bra $L__BB8_3;
shl.b32 %r7, %r1, 2;
mov.b32 %r8, _ZZ14energy_fixtureILi1ELi8ELi8ELi8EEvPKjPjjE6shared;
add.s32 %r3, %r8, %r7;
mov.b32 %r58, 0;
mov.b32 %r57, %r2;
mov.b32 %r55, %r2;
$L__BB8_2:
.pragma "nounroll";
mul.wide.u32 %rd4, %r55, 4;
add.s64 %rd3, %rd1, %rd4;

ld.global.cg.u32 %r11, [%rd3];

mov.b32 %r9, 1065336832;
mov.b32 %r10, 981467136;
mov.b32 %r12, %r11;

fma.rn.f32 %r12, %r12, %r9, %r10;


fma.rn.f32 %r12, %r12, %r9, %r10;


fma.rn.f32 %r12, %r12, %r9, %r10;


fma.rn.f32 %r12, %r12, %r9, %r10;


fma.rn.f32 %r12, %r12, %r9, %r10;


fma.rn.f32 %r12, %r12, %r9, %r10;


fma.rn.f32 %r12, %r12, %r9, %r10;


fma.rn.f32 %r12, %r12, %r9, %r10;

neg.f32 %r14, %r12;

ex2.approx.ftz.f32 %r13, %r14;

neg.f32 %r16, %r13;

ex2.approx.ftz.f32 %r15, %r16;

neg.f32 %r18, %r15;

ex2.approx.ftz.f32 %r17, %r18;

neg.f32 %r20, %r17;

ex2.approx.ftz.f32 %r19, %r20;

neg.f32 %r22, %r19;

ex2.approx.ftz.f32 %r21, %r22;

neg.f32 %r24, %r21;

ex2.approx.ftz.f32 %r23, %r24;

neg.f32 %r26, %r23;

ex2.approx.ftz.f32 %r25, %r26;

neg.f32 %r27, %r25;

ex2.approx.ftz.f32 %r56, %r27;

xor.b32 %r28, %r57, %r11;
add.s32 %r29, %r28, %r57;
st.volatile.shared.b32 [%r3], %r29;
ld.volatile.shared.b32 %r30, [%r3];
xor.b32 %r31, %r30, %r11;
add.s32 %r32, %r31, %r30;
st.volatile.shared.b32 [%r3], %r32;
ld.volatile.shared.b32 %r33, [%r3];
xor.b32 %r34, %r33, %r11;
add.s32 %r35, %r34, %r33;
st.volatile.shared.b32 [%r3], %r35;
ld.volatile.shared.b32 %r36, [%r3];
xor.b32 %r37, %r36, %r11;
add.s32 %r38, %r37, %r36;
st.volatile.shared.b32 [%r3], %r38;
ld.volatile.shared.b32 %r39, [%r3];
xor.b32 %r40, %r39, %r11;
add.s32 %r41, %r40, %r39;
st.volatile.shared.b32 [%r3], %r41;
ld.volatile.shared.b32 %r42, [%r3];
xor.b32 %r43, %r42, %r11;
add.s32 %r44, %r43, %r42;
st.volatile.shared.b32 [%r3], %r44;
ld.volatile.shared.b32 %r45, [%r3];
xor.b32 %r46, %r45, %r11;
add.s32 %r47, %r46, %r45;
st.volatile.shared.b32 [%r3], %r47;
ld.volatile.shared.b32 %r48, [%r3];
xor.b32 %r49, %r48, %r11;
add.s32 %r50, %r49, %r48;
st.volatile.shared.b32 [%r3], %r50;
ld.volatile.shared.b32 %r57, [%r3];
mad.lo.s32 %r51, %r58, 1664525, 1013904223;
xor.b32 %r58, %r51, %r12;
add.s32 %r55, %r55, 48128;
setp.lt.u32 %p2, %r55, %r4;
@%p2 bra $L__BB8_2;
$L__BB8_3:
cvta.to.global.u64 %rd5, %rd2;
mul.lo.s32 %r52, %r2, 3;
mul.wide.u32 %rd6, %r52, 4;
add.s64 %rd7, %rd5, %rd6;
st.global.b32 [%rd7], %r58;
add.s32 %r53, %r52, 1;
mul.wide.u32 %rd8, %r53, 4;
add.s64 %rd9, %rd5, %rd8;
st.global.b32 [%rd9], %r57;
add.s32 %r54, %r52, 2;
mul.wide.u32 %rd10, %r54, 4;
add.s64 %rd11, %rd5, %rd10;
st.global.b32 [%rd11], %r56;
ret;

}

.visible .entry _Z14energy_fixtureILi1ELi24ELi4ELi12EEvPKjPjj(
.param .u64 .ptr .align 1 _Z14energy_fixtureILi1ELi24ELi4ELi12EEvPKjPjj_param_0,
.param .u64 .ptr .align 1 _Z14energy_fixtureILi1ELi24ELi4ELi12EEvPKjPjj_param_1,
.param .u32 _Z14energy_fixtureILi1ELi24ELi4ELi12EEvPKjPjj_param_2
)
{
.reg .pred %p<3>;
.reg .b32 %r<63>;
.reg .b64 %rd<12>;

.shared .align 4 .b8 _ZZ14energy_fixtureILi1ELi24ELi4ELi12EEvPKjPjjE6shared[1024];
ld.param.b64 %rd1, [_Z14energy_fixtureILi1ELi24ELi4ELi12EEvPKjPjj_param_0];
ld.param.b64 %rd2, [_Z14energy_fixtureILi1ELi24ELi4ELi12EEvPKjPjj_param_1];
ld.param.b32 %r4, [_Z14energy_fixtureILi1ELi24ELi4ELi12EEvPKjPjj_param_2];
mov.u32 %r5, %ctaid.x;
mov.u32 %r6, %ntid.x;
mov.u32 %r1, %tid.x;
mad.lo.s32 %r2, %r5, %r6, %r1;
setp.ge.u32 %p1, %r2, %r4;
mov.b32 %r62, 0;
mov.b32 %r60, 0f00000000;
mov.b32 %r61, %r2;
@%p1 bra $L__BB9_3;
shl.b32 %r7, %r1, 2;
mov.b32 %r8, _ZZ14energy_fixtureILi1ELi24ELi4ELi12EEvPKjPjjE6shared;
add.s32 %r3, %r8, %r7;
mov.b32 %r62, 0;
mov.b32 %r61, %r2;
mov.b32 %r59, %r2;
$L__BB9_2:
.pragma "nounroll";
mul.wide.u32 %rd4, %r59, 4;
add.s64 %rd3, %rd1, %rd4;

ld.global.cg.u32 %r11, [%rd3];

mov.b32 %r9, 1065336832;
mov.b32 %r10, 981467136;
mov.b32 %r12, %r11;

fma.rn.f32 %r12, %r12, %r9, %r10;


fma.rn.f32 %r12, %r12, %r9, %r10;


fma.rn.f32 %r12, %r12, %r9, %r10;


fma.rn.f32 %r12, %r12, %r9, %r10;


fma.rn.f32 %r12, %r12, %r9, %r10;


fma.rn.f32 %r12, %r12, %r9, %r10;


fma.rn.f32 %r12, %r12, %r9, %r10;


fma.rn.f32 %r12, %r12, %r9, %r10;


fma.rn.f32 %r12, %r12, %r9, %r10;


fma.rn.f32 %r12, %r12, %r9, %r10;


fma.rn.f32 %r12, %r12, %r9, %r10;


fma.rn.f32 %r12, %r12, %r9, %r10;


fma.rn.f32 %r12, %r12, %r9, %r10;


fma.rn.f32 %r12, %r12, %r9, %r10;


fma.rn.f32 %r12, %r12, %r9, %r10;


fma.rn.f32 %r12, %r12, %r9, %r10;


fma.rn.f32 %r12, %r12, %r9, %r10;


fma.rn.f32 %r12, %r12, %r9, %r10;


fma.rn.f32 %r12, %r12, %r9, %r10;


fma.rn.f32 %r12, %r12, %r9, %r10;


fma.rn.f32 %r12, %r12, %r9, %r10;


fma.rn.f32 %r12, %r12, %r9, %r10;


fma.rn.f32 %r12, %r12, %r9, %r10;


fma.rn.f32 %r12, %r12, %r9, %r10;

neg.f32 %r14, %r12;

ex2.approx.ftz.f32 %r13, %r14;

neg.f32 %r16, %r13;

ex2.approx.ftz.f32 %r15, %r16;

neg.f32 %r18, %r15;

ex2.approx.ftz.f32 %r17, %r18;

neg.f32 %r19, %r17;

ex2.approx.ftz.f32 %r60, %r19;

xor.b32 %r20, %r61, %r11;
add.s32 %r21, %r20, %r61;
st.volatile.shared.b32 [%r3], %r21;
ld.volatile.shared.b32 %r22, [%r3];
xor.b32 %r23, %r22, %r11;
add.s32 %r24, %r23, %r22;
st.volatile.shared.b32 [%r3], %r24;
ld.volatile.shared.b32 %r25, [%r3];
xor.b32 %r26, %r25, %r11;
add.s32 %r27, %r26, %r25;
st.volatile.shared.b32 [%r3], %r27;
ld.volatile.shared.b32 %r28, [%r3];
xor.b32 %r29, %r28, %r11;
add.s32 %r30, %r29, %r28;
st.volatile.shared.b32 [%r3], %r30;
ld.volatile.shared.b32 %r31, [%r3];
xor.b32 %r32, %r31, %r11;
add.s32 %r33, %r32, %r31;
st.volatile.shared.b32 [%r3], %r33;
ld.volatile.shared.b32 %r34, [%r3];
xor.b32 %r35, %r34, %r11;
add.s32 %r36, %r35, %r34;
st.volatile.shared.b32 [%r3], %r36;
ld.volatile.shared.b32 %r37, [%r3];
xor.b32 %r38, %r37, %r11;
add.s32 %r39, %r38, %r37;
st.volatile.shared.b32 [%r3], %r39;
ld.volatile.shared.b32 %r40, [%r3];
xor.b32 %r41, %r40, %r11;
add.s32 %r42, %r41, %r40;
st.volatile.shared.b32 [%r3], %r42;
ld.volatile.shared.b32 %r43, [%r3];
xor.b32 %r44, %r43, %r11;
add.s32 %r45, %r44, %r43;
st.volatile.shared.b32 [%r3], %r45;
ld.volatile.shared.b32 %r46, [%r3];
xor.b32 %r47, %r46, %r11;
add.s32 %r48, %r47, %r46;
st.volatile.shared.b32 [%r3], %r48;
ld.volatile.shared.b32 %r49, [%r3];
xor.b32 %r50, %r49, %r11;
add.s32 %r51, %r50, %r49;
st.volatile.shared.b32 [%r3], %r51;
ld.volatile.shared.b32 %r52, [%r3];
xor.b32 %r53, %r52, %r11;
add.s32 %r54, %r53, %r52;
st.volatile.shared.b32 [%r3], %r54;
ld.volatile.shared.b32 %r61, [%r3];
mad.lo.s32 %r55, %r62, 1664525, 1013904223;
xor.b32 %r62, %r55, %r12;
add.s32 %r59, %r59, 48128;
setp.lt.u32 %p2, %r59, %r4;
@%p2 bra $L__BB9_2;
$L__BB9_3:
cvta.to.global.u64 %rd5, %rd2;
mul.lo.s32 %r56, %r2, 3;
mul.wide.u32 %rd6, %r56, 4;
add.s64 %rd7, %rd5, %rd6;
st.global.b32 [%rd7], %r62;
add.s32 %r57, %r56, 1;
mul.wide.u32 %rd8, %r57, 4;
add.s64 %rd9, %rd5, %rd8;
st.global.b32 [%rd9], %r61;
add.s32 %r58, %r56, 2;
mul.wide.u32 %rd10, %r58, 4;
add.s64 %rd11, %rd5, %rd10;
st.global.b32 [%rd11], %r60;
ret;

}

