ptxas info    : 0 bytes gmem
ptxas info    : Compiling entry function '_Z5sgemmILi128ELi128ELi8ELi8ELi8EEvPfS0_S0_jj' for 'sm_120'
ptxas info    : Function properties for _Z5sgemmILi128ELi128ELi8ELi8ELi8EEvPfS0_S0_jj
    0 bytes stack frame, 0 bytes spill stores, 0 bytes spill loads
ptxas info    : Used 140 registers, used 1 barriers, 8224 bytes smem
ptxas info    : Compile time = 90.511 ms
ptxas info    : Compiling entry function '_Z5sgemmILi64ELi64ELi16ELi4ELi4EEvPfS0_S0_jj' for 'sm_120'
ptxas info    : Function properties for _Z5sgemmILi64ELi64ELi16ELi4ELi4EEvPfS0_S0_jj
    0 bytes stack frame, 0 bytes spill stores, 0 bytes spill loads
ptxas info    : Used 64 registers, used 1 barriers, 8256 bytes smem
ptxas info    : Compile time = 34.848 ms
ptxas info    : Compiling entry function '_Z8rope_oneILi8EEvPfS0_S0_S0_' for 'sm_120'
ptxas info    : Function properties for _Z8rope_oneILi8EEvPfS0_S0_S0_
    0 bytes stack frame, 0 bytes spill stores, 0 bytes spill loads
ptxas info    : Used 20 registers, used 0 barriers
ptxas info    : Compile time = 2.490 ms
ptxas info    : Compiling entry function '_Z8rope_allILi8EEvPfS0_S0_S0_' for 'sm_120'
ptxas info    : Function properties for _Z8rope_allILi8EEvPfS0_S0_S0_
    0 bytes stack frame, 0 bytes spill stores, 0 bytes spill loads
ptxas info    : Used 20 registers, used 0 barriers
ptxas info    : Compile time = 2.441 ms
ptxas info    : Compiling entry function '_Z10rmsnorm_v4ILi128EEvP6float4S1_S1_iff' for 'sm_120'
ptxas info    : Function properties for _Z10rmsnorm_v4ILi128EEvP6float4S1_S1_iff
    0 bytes stack frame, 0 bytes spill stores, 0 bytes spill loads
ptxas info    : Used 40 registers, used 1 barriers, 16 bytes smem
ptxas info    : Compile time = 22.673 ms
ptxas info    : Compiling entry function '_Z9rmsnorm_sILi256EEvPfS0_S0_iff' for 'sm_120'
ptxas info    : Function properties for _Z9rmsnorm_sILi256EEvPfS0_S0_iff
    0 bytes stack frame, 0 bytes spill stores, 0 bytes spill loads
ptxas info    : Used 40 registers, used 1 barriers, 32 bytes smem
ptxas info    : Compile time = 21.120 ms
ptxas info    : Compiling entry function '_Z9swiglu_v4P6float4S0_S0_' for 'sm_120'
ptxas info    : Function properties for _Z9swiglu_v4P6float4S0_S0_
    0 bytes stack frame, 0 bytes spill stores, 0 bytes spill loads
ptxas info    : Used 23 registers, used 0 barriers
ptxas info    : Compile time = 2.584 ms
ptxas info    : Compiling entry function '_Z8swiglu_sPfS_S_' for 'sm_120'
ptxas info    : Function properties for _Z8swiglu_sPfS_S_
    0 bytes stack frame, 0 bytes spill stores, 0 bytes spill loads
ptxas info    : Used 14 registers, used 0 barriers
ptxas info    : Compile time = 1.920 ms
ptxas info    : Compiling entry function '_Z7gelu_v4P6float4S0_' for 'sm_120'
ptxas info    : Function properties for _Z7gelu_v4P6float4S0_
    0 bytes stack frame, 0 bytes spill stores, 0 bytes spill loads
ptxas info    : Used 17 registers, used 0 barriers
ptxas info    : Compile time = 3.213 ms
ptxas info    : Compiling entry function '_Z6gelu_sPfS_' for 'sm_120'
ptxas info    : Function properties for _Z6gelu_sPfS_
    0 bytes stack frame, 0 bytes spill stores, 0 bytes spill loads
ptxas info    : Used 12 registers, used 0 barriers
ptxas info    : Compile time = 2.065 ms
