[    0.0s] cell 1/16 blackwell/fresh_e_cuda_samples_scalar_product/small/c1
          OK per_launch=3.900 us repeat=7668 graph_batch=1278 check=CHECK_OK scalarProd vectorN=256 elementN=4096 grid=128 bad=0 first_bad=-1 worst_
[    2.0s] cell 2/16 blackwell/fresh_e_cuda_samples_scalar_product/small/c2
          OK per_launch=2.646 us repeat=11280 graph_batch=1880 check=CHECK_OK scalarProd vectorN=256 elementN=4096 grid=256 bad=0 first_bad=-1 worst_
[    3.9s] cell 3/16 blackwell/fresh_e_cuda_samples_scalar_product/medium/c1
          OK per_launch=7.412 us repeat=4038 graph_batch=673 check=CHECK_OK scalarProd vectorN=256 elementN=16384 grid=128 bad=0 first_bad=-1 worst
[    5.8s] cell 4/16 blackwell/fresh_e_cuda_samples_scalar_product/medium/c2
          OK per_launch=5.533 us repeat=5412 graph_batch=902 check=CHECK_OK scalarProd vectorN=256 elementN=16384 grid=256 bad=0 first_bad=-1 worst
[    7.4s] cell 5/16 blackwell/fresh_e_cuda_samples_scalar_product/large/c1
          OK per_launch=10.204 us repeat=2934 graph_batch=489 check=CHECK_OK scalarProd vectorN=256 elementN=24576 grid=128 bad=0 first_bad=-1 worst
[    9.5s] cell 6/16 blackwell/fresh_e_cuda_samples_scalar_product/large/c2
          OK per_launch=7.739 us repeat=3864 graph_batch=644 check=CHECK_OK scalarProd vectorN=256 elementN=24576 grid=256 bad=0 first_bad=-1 worst
[   11.8s] cell 7/16 blackwell/fresh_e_cuda_samples_scalar_product/xlarge/c1
          OK per_launch=167.404 us repeat=180 graph_batch=30 check=CHECK_OK scalarProd vectorN=512 elementN=65536 grid=128 bad=0 first_bad=-1 worst
[   15.2s] cell 8/16 blackwell/fresh_e_cuda_samples_scalar_product/xlarge/c2
          OK per_launch=166.327 us repeat=186 graph_batch=31 check=CHECK_OK scalarProd vectorN=512 elementN=65536 grid=256 bad=0 first_bad=-1 worst
[   18.0s] cell 9/16 blackwell/fresh_e_cuda_samples_fast_walsh_transform/small/c1
          OK per_launch=5.680 us repeat=5250 graph_batch=875 check=CHECK_OK fastWalshTransform log2N=18 batches=1 rel_l2_error=0 repeat=5250 graph_
[   19.9s] cell 10/16 blackwell/fresh_e_cuda_samples_fast_walsh_transform/small/c2
          OK per_launch=4.994 us repeat=5976 graph_batch=996 check=CHECK_OK fastWalshTransform log2N=17 batches=2 rel_l2_error=0 repeat=5976 graph_
[   21.8s] cell 11/16 blackwell/fresh_e_cuda_samples_fast_walsh_transform/medium/c1
          OK per_launch=38.950 us repeat=774 graph_batch=129 check=CHECK_OK fastWalshTransform log2N=22 batches=1 rel_l2_error=0 repeat=774 graph_b
[   24.4s] cell 12/16 blackwell/fresh_e_cuda_samples_fast_walsh_transform/medium/c2
          OK per_launch=35.894 us repeat=840 graph_batch=140 check=CHECK_OK fastWalshTransform log2N=21 batches=2 rel_l2_error=0 repeat=840 graph_b
[   26.9s] cell 13/16 blackwell/fresh_e_cuda_samples_fast_walsh_transform/large/c1
          OK per_launch=75.333 us repeat=402 graph_batch=67 check=CHECK_OK fastWalshTransform log2N=23 batches=1 rel_l2_error=0 repeat=402 graph_b
[   30.2s] cell 14/16 blackwell/fresh_e_cuda_samples_fast_walsh_transform/large/c2
          OK per_launch=71.838 us repeat=420 graph_batch=70 check=CHECK_OK fastWalshTransform log2N=22 batches=2 rel_l2_error=0 repeat=420 graph_b
[   33.4s] cell 15/16 blackwell/fresh_e_cuda_samples_fast_walsh_transform/xlarge/c1
          OK per_launch=3227.978 us repeat=10 graph_batch=2 check=CHECK_OK fastWalshTransform log2N=26 batches=1 rel_l2_error=0 repeat=10 graph_ba
[   48.4s] cell 16/16 blackwell/fresh_e_cuda_samples_fast_walsh_transform/xlarge/c2
          OK per_launch=2921.752 us repeat=12 graph_batch=2 check=CHECK_OK fastWalshTransform log2N=25 batches=2 rel_l2_error=0 repeat=12 graph_ba
wrote /home/user/fresh_e_gpu_work/timing_fresh_e_result.json
