ptxas info    : 0 bytes gmem
ptxas info    : Compiling entry function '_Z14energy_fixtureILi1ELi24ELi4ELi12EEvPKjPjm' for 'sm_120'
ptxas info    : Function properties for _Z14energy_fixtureILi1ELi24ELi4ELi12EEvPKjPjm
    0 bytes stack frame, 0 bytes spill stores, 0 bytes spill loads
ptxas info    : Used 18 registers, used 0 barriers, 1024 bytes smem
ptxas info    : Compile time = 9.869 ms
ptxas info    : Compiling entry function '_Z14energy_fixtureILi1ELi8ELi8ELi8EEvPKjPjm' for 'sm_120'
ptxas info    : Function properties for _Z14energy_fixtureILi1ELi8ELi8ELi8EEvPKjPjm
    0 bytes stack frame, 0 bytes spill stores, 0 bytes spill loads
ptxas info    : Used 18 registers, used 0 barriers, 1024 bytes smem
ptxas info    : Compile time = 6.110 ms
ptxas info    : Compiling entry function '_Z14energy_fixtureILi1ELi0ELi0ELi64EEvPKjPjm' for 'sm_120'
ptxas info    : Function properties for _Z14energy_fixtureILi1ELi0ELi0ELi64EEvPKjPjm
    0 bytes stack frame, 0 bytes spill stores, 0 bytes spill loads
ptxas info    : Used 18 registers, used 0 barriers, 1024 bytes smem
ptxas info    : Compile time = 13.807 ms
ptxas info    : Compiling entry function '_Z14energy_fixtureILi1ELi0ELi0ELi16EEvPKjPjm' for 'sm_120'
ptxas info    : Function properties for _Z14energy_fixtureILi1ELi0ELi0ELi16EEvPKjPjm
    0 bytes stack frame, 0 bytes spill stores, 0 bytes spill loads
ptxas info    : Used 18 registers, used 0 barriers, 1024 bytes smem
ptxas info    : Compile time = 6.431 ms
ptxas info    : Compiling entry function '_Z14energy_fixtureILi1ELi0ELi64ELi0EEvPKjPjm' for 'sm_120'
ptxas info    : Function properties for _Z14energy_fixtureILi1ELi0ELi64ELi0EEvPKjPjm
    0 bytes stack frame, 0 bytes spill stores, 0 bytes spill loads
ptxas info    : Used 14 registers, used 0 barriers
ptxas info    : Compile time = 5.033 ms
ptxas info    : Compiling entry function '_Z14energy_fixtureILi1ELi0ELi16ELi0EEvPKjPjm' for 'sm_120'
ptxas info    : Function properties for _Z14energy_fixtureILi1ELi0ELi16ELi0EEvPKjPjm
    0 bytes stack frame, 0 bytes spill stores, 0 bytes spill loads
ptxas info    : Used 14 registers, used 0 barriers
ptxas info    : Compile time = 3.825 ms
ptxas info    : Compiling entry function '_Z14energy_fixtureILi1ELi64ELi0ELi0EEvPKjPjm' for 'sm_120'
ptxas info    : Function properties for _Z14energy_fixtureILi1ELi64ELi0ELi0EEvPKjPjm
    0 bytes stack frame, 0 bytes spill stores, 0 bytes spill loads
ptxas info    : Used 16 registers, used 0 barriers
ptxas info    : Compile time = 5.260 ms
ptxas info    : Compiling entry function '_Z14energy_fixtureILi1ELi16ELi0ELi0EEvPKjPjm' for 'sm_120'
ptxas info    : Function properties for _Z14energy_fixtureILi1ELi16ELi0ELi0EEvPKjPjm
    0 bytes stack frame, 0 bytes spill stores, 0 bytes spill loads
ptxas info    : Used 16 registers, used 0 barriers
ptxas info    : Compile time = 3.856 ms
ptxas info    : Compiling entry function '_Z14energy_fixtureILi64ELi0ELi0ELi0EEvPKjPjm' for 'sm_120'
ptxas info    : Function properties for _Z14energy_fixtureILi64ELi0ELi0ELi0EEvPKjPjm
    0 bytes stack frame, 0 bytes spill stores, 0 bytes spill loads
ptxas info    : Used 14 registers, used 0 barriers
ptxas info    : Compile time = 8.124 ms
ptxas info    : Compiling entry function '_Z14energy_fixtureILi16ELi0ELi0ELi0EEvPKjPjm' for 'sm_120'
ptxas info    : Function properties for _Z14energy_fixtureILi16ELi0ELi0ELi0EEvPKjPjm
    0 bytes stack frame, 0 bytes spill stores, 0 bytes spill loads
ptxas info    : Used 14 registers, used 0 barriers
ptxas info    : Compile time = 4.399 ms
