built /home/user/ada_fix_work/r2/fresh/driver_ml 5cd1aa38e851656c
[    3.0s] sass gate gelu_s                     PASS identical to the analysed SASS
[    3.0s] sass gate gelu_v4                    PASS identical to the analysed SASS
[    3.0s] sass gate rms_s                      PASS identical to the analysed SASS
[    3.0s] sass gate rms_v4                     PASS identical to the analysed SASS
[    3.0s] sass gate rope_all                   PASS identical to the analysed SASS
[    3.0s] sass gate rope_one                   PASS identical to the analysed SASS
[    3.0s] sass gate sg128                      PASS identical to the analysed SASS
[    3.0s] sass gate sg64                       PASS identical to the analysed SASS
[    3.0s] sass gate swiglu_s                   PASS identical to the analysed SASS
[    3.0s] sass gate swiglu_v4                  PASS identical to the analysed SASS
cell 1/40 ada/fresh_f_ml_gelu/small/c1 run_id=ADA-EVAL-FRESH-ada-fresh_f_ml_gelu-small-c1 batch=2048
  RAW 
cell 2/40 ada/fresh_f_ml_gelu/small/c2 run_id=ADA-EVAL-FRESH-ada-fresh_f_ml_gelu-small-c2 batch=2048
  RAW 
cell 3/40 ada/fresh_f_ml_gelu/medium/c1 run_id=ADA-EVAL-FRESH-ada-fresh_f_ml_gelu-medium-c1 batch=796
  RAW 
cell 4/40 ada/fresh_f_ml_gelu/medium/c2 run_id=ADA-EVAL-FRESH-ada-fresh_f_ml_gelu-medium-c2 batch=881
  RAW 
cell 5/40 ada/fresh_f_ml_gelu/large/c1 run_id=ADA-EVAL-FRESH-ada-fresh_f_ml_gelu-large-c1 batch=9
  RAW 
cell 6/40 ada/fresh_f_ml_gelu/large/c2 run_id=ADA-EVAL-FRESH-ada-fresh_f_ml_gelu-large-c2 batch=9
  RAW 
cell 7/40 ada/fresh_f_ml_gelu/xlarge/c1 run_id=ADA-EVAL-FRESH-ada-fresh_f_ml_gelu-xlarge-c1 batch=5
  RAW 
cell 8/40 ada/fresh_f_ml_gelu/xlarge/c2 run_id=ADA-EVAL-FRESH-ada-fresh_f_ml_gelu-xlarge-c2 batch=5
  RAW 
cell 9/40 ada/fresh_f_ml_swiglu/small/c1 run_id=ADA-EVAL-FRESH-ada-fresh_f_ml_swiglu-small-c1 batch=2048
  RAW 
cell 10/40 ada/fresh_f_ml_swiglu/small/c2 run_id=ADA-EVAL-FRESH-ada-fresh_f_ml_swiglu-small-c2 batch=2048
  RAW 
cell 11/40 ada/fresh_f_ml_swiglu/medium/c1 run_id=ADA-EVAL-FRESH-ada-fresh_f_ml_swiglu-medium-c1 batch=1311
  REJECTED duration_did_not_converge
cell 12/40 ada/fresh_f_ml_swiglu/medium/c2 run_id=ADA-EVAL-FRESH-ada-fresh_f_ml_swiglu-medium-c2 batch=1269
[ 1871.2s] ENERGY COVERAGE FAILURE: 28 cells in scope have neither an energy window nor a recorded rejection (first: ada/fresh_f_ml_fp32_matmul/large/c1); 0 cells in scope have no timing
[ 1871.3s] window gate: 10 windows, 5 below cap, 1 near cap, 4 above the cap rule, 0 clock-throttled, 0 without trace
done; exit code 3
