built /home/user/ada_fix_work/r2b/fresh/driver_ml 9289ceaff9b6cc2f
[    2.8s] sass gate rms_s                      PASS identical to the analysed SASS
[    2.8s] sass gate rms_v4                     PASS identical to the analysed SASS
[    2.8s] sass gate rope_all                   PASS identical to the analysed SASS
[    2.8s] sass gate rope_one                   PASS identical to the analysed SASS
[    2.8s] sass gate sg128                      PASS identical to the analysed SASS
[    2.8s] sass gate sg64                       PASS identical to the analysed SASS
[    2.8s] sass gate swiglu_s                   PASS identical to the analysed SASS
[    2.8s] sass gate swiglu_v4                  PASS identical to the analysed SASS
cell 1/28 ada/fresh_f_ml_swiglu/large/c1 run_id=ADA-EVAL-FRESH-ada-fresh_f_ml_swiglu-large-c1 batch=13
  RAW 
cell 2/28 ada/fresh_f_ml_swiglu/large/c2 run_id=ADA-EVAL-FRESH-ada-fresh_f_ml_swiglu-large-c2 batch=13
  RAW 
cell 3/28 ada/fresh_f_ml_swiglu/xlarge/c1 run_id=ADA-EVAL-FRESH-ada-fresh_f_ml_swiglu-xlarge-c1 batch=7
  RAW 
cell 4/28 ada/fresh_f_ml_swiglu/xlarge/c2 run_id=ADA-EVAL-FRESH-ada-fresh_f_ml_swiglu-xlarge-c2 batch=7
  RAW 
cell 5/28 ada/fresh_f_ml_rmsnorm/small/c1 run_id=ADA-EVAL-FRESH-ada-fresh_f_ml_rmsnorm-small-c1 batch=2048
  RAW 
cell 6/28 ada/fresh_f_ml_rmsnorm/small/c2 run_id=ADA-EVAL-FRESH-ada-fresh_f_ml_rmsnorm-small-c2 batch=1944
  RAW 
cell 7/28 ada/fresh_f_ml_rmsnorm/medium/c1 run_id=ADA-EVAL-FRESH-ada-fresh_f_ml_rmsnorm-medium-c1 batch=717
  REJECTED duration_did_not_converge
cell 8/28 ada/fresh_f_ml_rmsnorm/medium/c2 run_id=ADA-EVAL-FRESH-ada-fresh_f_ml_rmsnorm-medium-c2 batch=695
[ 1265.7s] ENERGY COVERAGE FAILURE: 20 cells in scope have neither an energy window nor a recorded rejection (first: ada/fresh_f_ml_fp32_matmul/large/c1); 0 cells in scope have no timing
[ 1265.8s] window gate: 6 windows, 5 below cap, 0 near cap, 1 above the cap rule, 0 clock-throttled, 0 without trace
done; exit code 3
