built /home/user/ada_fix_work/r2c/fresh/driver_ml c6a81627b6e79cda
[    2.6s] sass gate rms_s                      PASS identical to the analysed SASS
[    2.6s] sass gate rms_v4                     PASS identical to the analysed SASS
[    2.6s] sass gate rope_all                   PASS identical to the analysed SASS
[    2.6s] sass gate rope_one                   PASS identical to the analysed SASS
[    2.6s] sass gate sg128                      PASS identical to the analysed SASS
[    2.6s] sass gate sg64                       PASS identical to the analysed SASS
cell 1/20 ada/fresh_f_ml_rmsnorm/large/c1 run_id=ADA-EVAL-FRESH-ada-fresh_f_ml_rmsnorm-large-c1 batch=10
  RAW 
cell 2/20 ada/fresh_f_ml_rmsnorm/large/c2 run_id=ADA-EVAL-FRESH-ada-fresh_f_ml_rmsnorm-large-c2 batch=9
  RAW 
cell 3/20 ada/fresh_f_ml_rmsnorm/xlarge/c1 run_id=ADA-EVAL-FRESH-ada-fresh_f_ml_rmsnorm-xlarge-c1 batch=5
  RAW 
cell 4/20 ada/fresh_f_ml_rmsnorm/xlarge/c2 run_id=ADA-EVAL-FRESH-ada-fresh_f_ml_rmsnorm-xlarge-c2 batch=5
  RAW 
cell 5/20 ada/fresh_f_ml_rotary_embedding/small/c1 run_id=ADA-EVAL-FRESH-ada-fresh_f_ml_rotary_embedding-small-c1 batch=2048
  RAW 
cell 6/20 ada/fresh_f_ml_rotary_embedding/small/c2 run_id=ADA-EVAL-FRESH-ada-fresh_f_ml_rotary_embedding-small-c2 batch=2048
  RAW 
cell 7/20 ada/fresh_f_ml_rotary_embedding/medium/c1 run_id=ADA-EVAL-FRESH-ada-fresh_f_ml_rotary_embedding-medium-c1 batch=876
  RAW 
cell 8/20 ada/fresh_f_ml_rotary_embedding/medium/c2 run_id=ADA-EVAL-FRESH-ada-fresh_f_ml_rotary_embedding-medium-c2 batch=545
  RAW 
cell 9/20 ada/fresh_f_ml_rotary_embedding/large/c1 run_id=ADA-EVAL-FRESH-ada-fresh_f_ml_rotary_embedding-large-c1 batch=9
  RAW 
cell 10/20 ada/fresh_f_ml_rotary_embedding/large/c2 run_id=ADA-EVAL-FRESH-ada-fresh_f_ml_rotary_embedding-large-c2 batch=10
  RAW 
cell 11/20 ada/fresh_f_ml_rotary_embedding/xlarge/c1 run_id=ADA-EVAL-FRESH-ada-fresh_f_ml_rotary_embedding-xlarge-c1 batch=5
  RAW 
cell 12/20 ada/fresh_f_ml_rotary_embedding/xlarge/c2 run_id=ADA-EVAL-FRESH-ada-fresh_f_ml_rotary_embedding-xlarge-c2 batch=5
  RAW 
cell 13/20 ada/fresh_f_ml_fp32_matmul/small/c1 run_id=ADA-EVAL-FRESH-ada-fresh_f_ml_fp32_matmul-small-c1 batch=253
  RAW 
cell 14/20 ada/fresh_f_ml_fp32_matmul/small/c2 run_id=ADA-EVAL-FRESH-ada-fresh_f_ml_fp32_matmul-small-c2 batch=103
  RAW 
cell 15/20 ada/fresh_f_ml_fp32_matmul/medium/c1 run_id=ADA-EVAL-FRESH-ada-fresh_f_ml_fp32_matmul-medium-c1 batch=45
  RAW 
cell 16/20 ada/fresh_f_ml_fp32_matmul/medium/c2 run_id=ADA-EVAL-FRESH-ada-fresh_f_ml_fp32_matmul-medium-c2 batch=29
  RAW 
cell 17/20 ada/fresh_f_ml_fp32_matmul/large/c1 run_id=ADA-EVAL-FRESH-ada-fresh_f_ml_fp32_matmul-large-c1 batch=4
  RAW 
cell 18/20 ada/fresh_f_ml_fp32_matmul/large/c2 run_id=ADA-EVAL-FRESH-ada-fresh_f_ml_fp32_matmul-large-c2 batch=4
  RAW 
cell 19/20 ada/fresh_f_ml_fp32_matmul/xlarge/c1 run_id=ADA-EVAL-FRESH-ada-fresh_f_ml_fp32_matmul-xlarge-c1 batch=2
  RAW 
cell 20/20 ada/fresh_f_ml_fp32_matmul/xlarge/c2 run_id=ADA-EVAL-FRESH-ada-fresh_f_ml_fp32_matmul-xlarge-c2 batch=2
  RAW 
[ 3449.5s] energy coverage: all 20 cells in scope have an energy row or a recorded rejection
[ 3449.6s] window gate: 20 windows, 14 below cap, 2 near cap, 4 above the cap rule, 5 clock-throttled, 0 without trace
done; exit code 0
