built /home/user/ada_fix_work/r3b/fresh/driver_ml 805c60970d00c20d
built /home/user/ada_fix_work/r3b/prosp/driver_prosp 0fb411c2fcba6f10
[    5.0s] sass gate at16                       PASS identical to the analysed SASS
[    5.0s] sass gate at2                        PASS identical to the analysed SASS
[    5.0s] sass gate at4                        PASS identical to the analysed SASS
[    5.0s] sass gate at8                        PASS identical to the analysed SASS
[    5.0s] sass gate nm4                        PASS identical to the analysed SASS
[    5.0s] sass gate nm8                        PASS identical to the analysed SASS
[    5.0s] sass gate tc128                      PASS identical to the analysed SASS
[    5.0s] sass gate tc128x64                   PASS identical to the analysed SASS
[    5.0s] sass gate tc256x128                  PASS identical to the analysed SASS
[    5.0s] sass gate tc64                       PASS identical to the analysed SASS
[    5.0s] sass gate tcr128                     PASS identical to the analysed SASS
[    5.0s] sass gate tcr64                      PASS identical to the analysed SASS
[    2.8s] 1/20 ada/fresh_g_ml_tensor_matmul/small/c1                          batch=395   repeat=8690    11.713 us/launch correct=True
[    5.7s] 2/20 ada/fresh_g_ml_tensor_matmul/small/c2                          batch=782   repeat=17204   6.038 us/launch correct=True
[    8.8s] 3/20 ada/fresh_g_ml_tensor_matmul/medium/c1                         batch=118   repeat=2478    42.103 us/launch correct=True
[   12.0s] 4/20 ada/fresh_g_ml_tensor_matmul/medium/c2                         batch=193   repeat=4053    26.529 us/launch correct=True
[   15.8s] 5/20 ada/fresh_g_ml_tensor_matmul/large/c1                          batch=16    repeat=320     336.972 us/launch correct=True
[   19.8s] 6/20 ada/fresh_g_ml_tensor_matmul/large/c2                          batch=13    repeat=260     427.988 us/launch correct=True
[   24.1s] 7/20 ada/fresh_g_ml_tensor_matmul/xlarge/c1                         batch=10    repeat=200     550.190 us/launch correct=True
[   28.4s] 8/20 ada/fresh_g_ml_tensor_matmul/xlarge/c2                         batch=8     repeat=152     736.640 us/launch correct=True
[   31.5s] 9/20 ada/fresh_h_ml_fused_attention/small/c1                        batch=369   repeat=7749    13.283 us/launch correct=True
[   34.4s] 10/20 ada/fresh_h_ml_fused_attention/small/c2                        batch=308   repeat=6468    15.911 us/launch correct=True
[   37.1s] 11/20 ada/fresh_h_ml_fused_attention/medium/c1                       batch=51    repeat=1020    104.642 us/launch correct=True
