built /home/user/ada_fix_work/r3d/fresh/driver_ml 495458b223fa117a
built /home/user/ada_fix_work/r3d/prosp/driver_prosp 098194fd6aa5d397
[    5.1s] sass gate at16                       PASS identical to the analysed SASS
[    5.1s] sass gate at2                        PASS identical to the analysed SASS
[    5.1s] sass gate at4                        PASS identical to the analysed SASS
[    5.1s] sass gate at8                        PASS identical to the analysed SASS
[    5.1s] sass gate nm4                        PASS identical to the analysed SASS
[    5.1s] sass gate nm8                        PASS identical to the analysed SASS
[    5.1s] sass gate tc128                      PASS identical to the analysed SASS
[    5.1s] sass gate tc128x64                   PASS identical to the analysed SASS
[    5.1s] sass gate tc256x128                  PASS identical to the analysed SASS
[    5.1s] sass gate tc64                       PASS identical to the analysed SASS
[    5.1s] sass gate tcr128                     PASS identical to the analysed SASS
[    5.1s] sass gate tcr64                      PASS identical to the analysed SASS
[    3.0s] 1/20 ada/fresh_g_ml_tensor_matmul/small/c1                          batch=395   repeat=8295    11.848 us/launch correct=True
[    5.8s] 2/20 ada/fresh_g_ml_tensor_matmul/small/c2                          batch=769   repeat=16918   6.117 us/launch correct=True
[    8.8s] 3/20 ada/fresh_g_ml_tensor_matmul/medium/c1                         batch=117   repeat=2457    42.585 us/launch correct=True
[   11.9s] 4/20 ada/fresh_g_ml_tensor_matmul/medium/c2                         batch=191   repeat=4011    27.138 us/launch correct=True
[   15.7s] 5/20 ada/fresh_g_ml_tensor_matmul/large/c1                          batch=16    repeat=320     341.722 us/launch correct=True
[   19.7s] 6/20 ada/fresh_g_ml_tensor_matmul/large/c2                          batch=13    repeat=260     447.327 us/launch correct=True
[   23.9s] 7/20 ada/fresh_g_ml_tensor_matmul/xlarge/c1                         batch=10    repeat=200     565.775 us/launch correct=True
[   28.0s] 8/20 ada/fresh_g_ml_tensor_matmul/xlarge/c2                         batch=8     repeat=152     755.928 us/launch correct=True
[   30.9s] 9/20 ada/fresh_h_ml_fused_attention/small/c1                        batch=360   repeat=7560    13.425 us/launch correct=True
[   33.8s] 10/20 ada/fresh_h_ml_fused_attention/small/c2                        batch=308   repeat=6468    16.014 us/launch correct=True
[   37.1s] 11/20 ada/fresh_h_ml_fused_attention/medium/c1                       batch=49    repeat=980     103.481 us/launch correct=True
[   40.6s] 12/20 ada/fresh_h_ml_fused_attention/medium/c2                       batch=62    repeat=1240    85.499 us/launch correct=True
[   47.1s] 13/20 ada/fresh_h_ml_fused_attention/large/c1                        batch=4     repeat=76      1476.255 us/launch correct=True
[   53.6s] 14/20 ada/fresh_h_ml_fused_attention/large/c2                        batch=5     repeat=90      1165.881 us/launch correct=True
[   63.5s] 15/20 ada/fresh_h_ml_fused_attention/xlarge/c1                       batch=2     repeat=38      2948.927 us/launch correct=True
[   73.4s] 16/20 ada/fresh_h_ml_fused_attention/xlarge/c2                       batch=3     repeat=48      2360.299 us/launch correct=True
[   77.1s] 17/20 ada/validation_tensor_matmul/v2/c1                             batch=21    repeat=420     257.022 us/launch correct=True
[   80.7s] 18/20 ada/validation_tensor_matmul/v2/c2                             batch=17    repeat=340     327.743 us/launch correct=True
[   86.5s] 19/20 ada/validation_fused_attention/v3/c1                           batch=7     repeat=133     843.391 us/launch correct=True
[   92.1s] 20/20 ada/validation_fused_attention/v3/c2                           batch=8     repeat=160     697.894 us/launch correct=True
wrote /home/user/ada_fix_out/r3d/timing_fresh_engine.json
[    2.9s] 1/24 ada/prosp_tensor_matmul_new_tiles/small/c1                     batch=103   repeat=2163    48.319 us/launch correct=True
[    6.0s] 2/24 ada/prosp_tensor_matmul_new_tiles/small/c2                     batch=56    repeat=1176    89.145 us/launch correct=True
[    9.1s] 3/24 ada/prosp_tensor_matmul_bias_relu/small/c1                     batch=91    repeat=1820    55.055 us/launch correct=True
[   12.1s] 4/24 ada/prosp_tensor_matmul_bias_relu/small/c2                     batch=169   repeat=3549    29.293 us/launch correct=True
[   15.5s] 5/24 ada/prosp_tensor_matmul_new_tiles/medium/c1                    batch=57    repeat=1197    92.821 us/launch correct=True
[   18.7s] 6/24 ada/prosp_tensor_matmul_new_tiles/medium/c2                    batch=50    repeat=1000    102.212 us/launch correct=True
[   22.0s] 7/24 ada/prosp_tensor_matmul_bias_relu/medium/c1                    batch=66    repeat=1386    80.369 us/launch correct=True
[   25.3s] 8/24 ada/prosp_tensor_matmul_bias_relu/medium/c2                    batch=56    repeat=1120    94.214 us/launch correct=True
[   29.1s] 9/24 ada/prosp_tensor_matmul_new_tiles/large/c1                     batch=11    repeat=220     497.063 us/launch correct=True
[   33.0s] 10/24 ada/prosp_tensor_matmul_new_tiles/large/c2                     batch=11    repeat=220     490.687 us/launch correct=True
[   36.9s] 11/24 ada/prosp_tensor_matmul_bias_relu/large/c1                     batch=12    repeat=240     442.300 us/launch correct=True
[   40.8s] 12/24 ada/prosp_tensor_matmul_bias_relu/large/c2                     batch=10    repeat=190     587.232 us/launch correct=True
[   44.0s] 13/24 ada/prosp_fused_attention_new_blocks/small/c1                  batch=126   repeat=2646    41.424 us/launch correct=True
[   47.0s] 14/24 ada/prosp_fused_attention_new_blocks/small/c2                  batch=141   repeat=2961    35.373 us/launch correct=True
[   50.1s] 15/24 ada/prosp_attention_no_max/small/c1                            batch=183   repeat=3843    28.477 us/launch correct=True
[   53.3s] 16/24 ada/prosp_attention_no_max/small/c2                            batch=217   repeat=4557    23.487 us/launch correct=True
[   56.6s] 17/24 ada/prosp_fused_attention_new_blocks/medium/c1                 batch=35    repeat=700     152.972 us/launch correct=True
[   60.0s] 18/24 ada/prosp_fused_attention_new_blocks/medium/c2                 batch=52    repeat=1040    101.258 us/launch correct=True
[   63.4s] 19/24 ada/prosp_attention_no_max/medium/c1                           batch=52    repeat=1040    100.460 us/launch correct=True
[   66.7s] 20/24 ada/prosp_attention_no_max/medium/c2                           batch=64    repeat=1280    81.682 us/launch correct=True
[   72.0s] 21/24 ada/prosp_fused_attention_new_blocks/large/c1                  batch=7     repeat=133     820.600 us/launch correct=True
[   77.4s] 22/24 ada/prosp_fused_attention_new_blocks/large/c2                  batch=12    repeat=228     480.449 us/launch correct=True
[   82.9s] 23/24 ada/prosp_attention_no_max/large/c1                            batch=10    repeat=200     556.575 us/launch correct=True
[   88.1s] 24/24 ada/prosp_attention_no_max/large/c2                            batch=12    repeat=240     462.284 us/launch correct=True
wrote /home/user/ada_fix_out/r3d/timing_prosp_engine.json
[  185.3s] wrote /home/user/ada_fix_out/r3d/timing_ada_tensor_result.json (44 cells timed, 0 refused by the SASS gate)
cell 1/20 ada/fresh_g_ml_tensor_matmul/small/c1 run_id=ADA-EVAL-FRESH-ada-fresh_g_ml_tensor_matmul-small-c1 batch=423
  RAW 
cell 2/20 ada/fresh_g_ml_tensor_matmul/small/c2 run_id=ADA-EVAL-FRESH-ada-fresh_g_ml_tensor_matmul-small-c2 batch=818
  RAW 
cell 3/20 ada/fresh_g_ml_tensor_matmul/medium/c1 run_id=ADA-EVAL-FRESH-ada-fresh_g_ml_tensor_matmul-medium-c1 batch=118
  RAW 
cell 4/20 ada/fresh_g_ml_tensor_matmul/medium/c2 run_id=ADA-EVAL-FRESH-ada-fresh_g_ml_tensor_matmul-medium-c2 batch=185
  RAW 
cell 5/20 ada/fresh_g_ml_tensor_matmul/large/c1 run_id=ADA-EVAL-FRESH-ada-fresh_g_ml_tensor_matmul-large-c1 batch=15
  RAW 
cell 6/20 ada/fresh_g_ml_tensor_matmul/large/c2 run_id=ADA-EVAL-FRESH-ada-fresh_g_ml_tensor_matmul-large-c2 batch=12
  RAW 
cell 7/20 ada/fresh_g_ml_tensor_matmul/xlarge/c1 run_id=ADA-EVAL-FRESH-ada-fresh_g_ml_tensor_matmul-xlarge-c1 batch=9
  RAW 
cell 8/20 ada/fresh_g_ml_tensor_matmul/xlarge/c2 run_id=ADA-EVAL-FRESH-ada-fresh_g_ml_tensor_matmul-xlarge-c2 batch=7
  RAW 
cell 9/20 ada/fresh_h_ml_fused_attention/small/c1 run_id=ADA-EVAL-FRESH-ada-fresh_h_ml_fused_attention-small-c1 batch=373
  RAW 
cell 10/20 ada/fresh_h_ml_fused_attention/small/c2 run_id=ADA-EVAL-FRESH-ada-fresh_h_ml_fused_attention-small-c2 batch=313
  RAW 
cell 11/20 ada/fresh_h_ml_fused_attention/medium/c1 run_id=ADA-EVAL-FRESH-ada-fresh_h_ml_fused_attention-medium-c1 batch=49
  RAW 
cell 12/20 ada/fresh_h_ml_fused_attention/medium/c2 run_id=ADA-EVAL-FRESH-ada-fresh_h_ml_fused_attention-medium-c2 batch=59
  RAW 
cell 13/20 ada/fresh_h_ml_fused_attention/large/c1 run_id=ADA-EVAL-FRESH-ada-fresh_h_ml_fused_attention-large-c1 batch=4
  RAW 
cell 14/20 ada/fresh_h_ml_fused_attention/large/c2 run_id=ADA-EVAL-FRESH-ada-fresh_h_ml_fused_attention-large-c2 batch=5
  RAW 
cell 15/20 ada/fresh_h_ml_fused_attention/xlarge/c1 run_id=ADA-EVAL-FRESH-ada-fresh_h_ml_fused_attention-xlarge-c1 batch=2
  RAW 
cell 16/20 ada/fresh_h_ml_fused_attention/xlarge/c2 run_id=ADA-EVAL-FRESH-ada-fresh_h_ml_fused_attention-xlarge-c2 batch=3
  RAW 
cell 17/20 ada/validation_tensor_matmul/v2/c1 run_id=ADA-EVAL-FRESH-ada-validation_tensor_matmul-v2-c1 batch=20
  RAW 
cell 18/20 ada/validation_tensor_matmul/v2/c2 run_id=ADA-EVAL-FRESH-ada-validation_tensor_matmul-v2-c2 batch=16
  RAW 
cell 19/20 ada/validation_fused_attention/v3/c1 run_id=ADA-EVAL-FRESH-ada-validation_fused_attention-v3-c1 batch=6
  RAW 
cell 20/20 ada/validation_fused_attention/v3/c2 run_id=ADA-EVAL-FRESH-ada-validation_fused_attention-v3-c2 batch=8
  RAW 
cell 1/24 ada/prosp_tensor_matmul_new_tiles/small/c1 run_id=ADA-EVAL-PROSP-ada-prosp_tensor_matmul_new_tiles-small-c1 batch=104
  RAW 
cell 2/24 ada/prosp_tensor_matmul_new_tiles/small/c2 run_id=ADA-EVAL-PROSP-ada-prosp_tensor_matmul_new_tiles-small-c2 batch=57
  RAW 
cell 3/24 ada/prosp_tensor_matmul_bias_relu/small/c1 run_id=ADA-EVAL-PROSP-ada-prosp_tensor_matmul_bias_relu-small-c1 batch=91
  RAW 
cell 4/24 ada/prosp_tensor_matmul_bias_relu/small/c2 run_id=ADA-EVAL-PROSP-ada-prosp_tensor_matmul_bias_relu-small-c2 batch=171
  RAW 
cell 5/24 ada/prosp_tensor_matmul_new_tiles/medium/c1 run_id=ADA-EVAL-PROSP-ada-prosp_tensor_matmul_new_tiles-medium-c1 batch=54
  RAW 
cell 6/24 ada/prosp_tensor_matmul_new_tiles/medium/c2 run_id=ADA-EVAL-PROSP-ada-prosp_tensor_matmul_new_tiles-medium-c2 batch=49
  RAW 
cell 7/24 ada/prosp_tensor_matmul_bias_relu/medium/c1 run_id=ADA-EVAL-PROSP-ada-prosp_tensor_matmul_bias_relu-medium-c1 batch=63
  RAW 
cell 8/24 ada/prosp_tensor_matmul_bias_relu/medium/c2 run_id=ADA-EVAL-PROSP-ada-prosp_tensor_matmul_bias_relu-medium-c2 batch=54
  RAW 
cell 9/24 ada/prosp_tensor_matmul_new_tiles/large/c1 run_id=ADA-EVAL-PROSP-ada-prosp_tensor_matmul_new_tiles-large-c1 batch=11
  RAW 
cell 10/24 ada/prosp_tensor_matmul_new_tiles/large/c2 run_id=ADA-EVAL-PROSP-ada-prosp_tensor_matmul_new_tiles-large-c2 batch=11
  RAW 
cell 11/24 ada/prosp_tensor_matmul_bias_relu/large/c1 run_id=ADA-EVAL-PROSP-ada-prosp_tensor_matmul_bias_relu-large-c1 batch=12
  RAW 
cell 12/24 ada/prosp_tensor_matmul_bias_relu/large/c2 run_id=ADA-EVAL-PROSP-ada-prosp_tensor_matmul_bias_relu-large-c2 batch=9
  RAW 
cell 13/24 ada/prosp_fused_attention_new_blocks/small/c1 run_id=ADA-EVAL-PROSP-ada-prosp_fused_attention_new_blocks-small-c1 batch=121
  RAW 
cell 14/24 ada/prosp_fused_attention_new_blocks/small/c2 run_id=ADA-EVAL-PROSP-ada-prosp_fused_attention_new_blocks-small-c2 batch=142
  RAW 
cell 15/24 ada/prosp_attention_no_max/small/c1 run_id=ADA-EVAL-PROSP-ada-prosp_attention_no_max-small-c1 batch=176
  RAW 
cell 16/24 ada/prosp_attention_no_max/small/c2 run_id=ADA-EVAL-PROSP-ada-prosp_attention_no_max-small-c2 batch=213
  RAW 
cell 17/24 ada/prosp_fused_attention_new_blocks/medium/c1 run_id=ADA-EVAL-PROSP-ada-prosp_fused_attention_new_blocks-medium-c1 batch=33
  RAW 
cell 18/24 ada/prosp_fused_attention_new_blocks/medium/c2 run_id=ADA-EVAL-PROSP-ada-prosp_fused_attention_new_blocks-medium-c2 batch=50
  RAW 
cell 19/24 ada/prosp_attention_no_max/medium/c1 run_id=ADA-EVAL-PROSP-ada-prosp_attention_no_max-medium-c1 batch=50
  RAW 
cell 20/24 ada/prosp_attention_no_max/medium/c2 run_id=ADA-EVAL-PROSP-ada-prosp_attention_no_max-medium-c2 batch=62
  RAW 
cell 21/24 ada/prosp_fused_attention_new_blocks/large/c1 run_id=ADA-EVAL-PROSP-ada-prosp_fused_attention_new_blocks-large-c1 batch=7
  RAW 
cell 22/24 ada/prosp_fused_attention_new_blocks/large/c2 run_id=ADA-EVAL-PROSP-ada-prosp_fused_attention_new_blocks-large-c2 batch=11
  RAW 
cell 23/24 ada/prosp_attention_no_max/large/c1 run_id=ADA-EVAL-PROSP-ada-prosp_attention_no_max-large-c1 batch=9
  RAW 
cell 24/24 ada/prosp_attention_no_max/large/c2 run_id=ADA-EVAL-PROSP-ada-prosp_attention_no_max-large-c2 batch=11
  RAW 
[10005.2s] energy coverage: all 44 cells in scope have an energy row or a recorded rejection
[10005.5s] window gate: 44 windows, 16 below cap, 18 near cap, 10 above the cap rule, 28 clock-throttled, 0 without trace
done; exit code 0
