ptxas info    : 0 bytes gmem
ptxas info    : Compiling entry function '_Z14energy_fixtureILi1ELi24ELi4ELi12EEvPKjPjj' for 'sm_120'
ptxas info    : Function properties for _Z14energy_fixtureILi1ELi24ELi4ELi12EEvPKjPjj
    0 bytes stack frame, 0 bytes spill stores, 0 bytes spill loads
ptxas info    : Used 18 registers, used 0 barriers, 1024 bytes smem
ptxas info    : Compile time = 9.743 ms
ptxas info    : Compiling entry function '_Z14energy_fixtureILi1ELi8ELi8ELi8EEvPKjPjj' for 'sm_120'
ptxas info    : Function properties for _Z14energy_fixtureILi1ELi8ELi8ELi8EEvPKjPjj
    0 bytes stack frame, 0 bytes spill stores, 0 bytes spill loads
ptxas info    : Used 20 registers, used 0 barriers, 1024 bytes smem
ptxas info    : Compile time = 5.995 ms
ptxas info    : Compiling entry function '_Z14energy_fixtureILi1ELi0ELi0ELi64EEvPKjPjj' for 'sm_120'
ptxas info    : Function properties for _Z14energy_fixtureILi1ELi0ELi0ELi64EEvPKjPjj
    0 bytes stack frame, 0 bytes spill stores, 0 bytes spill loads
ptxas info    : Used 24 registers, used 0 barriers, 1024 bytes smem
ptxas info    : Compile time = 12.923 ms
ptxas info    : Compiling entry function '_Z14energy_fixtureILi1ELi0ELi0ELi16EEvPKjPjj' for 'sm_120'
ptxas info    : Function properties for _Z14energy_fixtureILi1ELi0ELi0ELi16EEvPKjPjj
    0 bytes stack frame, 0 bytes spill stores, 0 bytes spill loads
ptxas info    : Used 24 registers, used 0 barriers, 1024 bytes smem
ptxas info    : Compile time = 5.648 ms
ptxas info    : Compiling entry function '_Z14energy_fixtureILi1ELi0ELi64ELi0EEvPKjPjj' for 'sm_120'
ptxas info    : Function properties for _Z14energy_fixtureILi1ELi0ELi64ELi0EEvPKjPjj
    0 bytes stack frame, 0 bytes spill stores, 0 bytes spill loads
ptxas info    : Used 15 registers, used 0 barriers
ptxas info    : Compile time = 4.835 ms
ptxas info    : Compiling entry function '_Z14energy_fixtureILi1ELi0ELi16ELi0EEvPKjPjj' for 'sm_120'
ptxas info    : Function properties for _Z14energy_fixtureILi1ELi0ELi16ELi0EEvPKjPjj
    0 bytes stack frame, 0 bytes spill stores, 0 bytes spill loads
ptxas info    : Used 15 registers, used 0 barriers
ptxas info    : Compile time = 3.654 ms
ptxas info    : Compiling entry function '_Z14energy_fixtureILi1ELi64ELi0ELi0EEvPKjPjj' for 'sm_120'
ptxas info    : Function properties for _Z14energy_fixtureILi1ELi64ELi0ELi0EEvPKjPjj
    0 bytes stack frame, 0 bytes spill stores, 0 bytes spill loads
ptxas info    : Used 22 registers, used 0 barriers
ptxas info    : Compile time = 5.223 ms
ptxas info    : Compiling entry function '_Z14energy_fixtureILi1ELi16ELi0ELi0EEvPKjPjj' for 'sm_120'
ptxas info    : Function properties for _Z14energy_fixtureILi1ELi16ELi0ELi0EEvPKjPjj
    0 bytes stack frame, 0 bytes spill stores, 0 bytes spill loads
ptxas info    : Used 22 registers, used 0 barriers
ptxas info    : Compile time = 3.618 ms
ptxas info    : Compiling entry function '_Z14energy_fixtureILi64ELi0ELi0ELi0EEvPKjPjj' for 'sm_120'
ptxas info    : Function properties for _Z14energy_fixtureILi64ELi0ELi0ELi0EEvPKjPjj
    0 bytes stack frame, 0 bytes spill stores, 0 bytes spill loads
ptxas info    : Used 38 registers, used 0 barriers
ptxas info    : Compile time = 11.325 ms
ptxas info    : Compiling entry function '_Z14energy_fixtureILi16ELi0ELi0ELi0EEvPKjPjj' for 'sm_120'
ptxas info    : Function properties for _Z14energy_fixtureILi16ELi0ELi0ELi0EEvPKjPjj
    0 bytes stack frame, 0 bytes spill stores, 0 bytes spill loads
ptxas info    : Used 31 registers, used 0 barriers
ptxas info    : Compile time = 4.784 ms
