
Fatbin elf code:
================
arch = sm_120
code version = [1,8]
host = linux
compile_size = 64bit

Resource usage:
 Common:
  GLOBAL:0

Fatbin elf code:
================
arch = sm_120
code version = [1,8]
host = linux
compile_size = 64bit

Resource usage:
 Common:
  GLOBAL:0
 Function _Z14energy_fixtureILi1ELi24ELi4ELi12EEvPKjPjj:
  REG:18 STACK:0 SHARED:2048 LOCAL:0 CONSTANT[0]:916 TEXTURE:0 SURFACE:0 SAMPLER:0
 Function _Z14energy_fixtureILi1ELi8ELi8ELi8EEvPKjPjj:
  REG:20 STACK:0 SHARED:2048 LOCAL:0 CONSTANT[0]:916 TEXTURE:0 SURFACE:0 SAMPLER:0
 Function _Z14energy_fixtureILi1ELi0ELi0ELi64EEvPKjPjj:
  REG:24 STACK:0 SHARED:2048 LOCAL:0 CONSTANT[0]:916 TEXTURE:0 SURFACE:0 SAMPLER:0
 Function _Z14energy_fixtureILi1ELi0ELi0ELi16EEvPKjPjj:
  REG:24 STACK:0 SHARED:2048 LOCAL:0 CONSTANT[0]:916 TEXTURE:0 SURFACE:0 SAMPLER:0
 Function _Z14energy_fixtureILi1ELi0ELi64ELi0EEvPKjPjj:
  REG:15 STACK:0 SHARED:0 LOCAL:0 CONSTANT[0]:916 TEXTURE:0 SURFACE:0 SAMPLER:0
 Function _Z14energy_fixtureILi1ELi0ELi16ELi0EEvPKjPjj:
  REG:15 STACK:0 SHARED:0 LOCAL:0 CONSTANT[0]:916 TEXTURE:0 SURFACE:0 SAMPLER:0
 Function _Z14energy_fixtureILi1ELi64ELi0ELi0EEvPKjPjj:
  REG:22 STACK:0 SHARED:0 LOCAL:0 CONSTANT[0]:916 TEXTURE:0 SURFACE:0 SAMPLER:0
 Function _Z14energy_fixtureILi1ELi16ELi0ELi0EEvPKjPjj:
  REG:22 STACK:0 SHARED:0 LOCAL:0 CONSTANT[0]:916 TEXTURE:0 SURFACE:0 SAMPLER:0
 Function _Z14energy_fixtureILi64ELi0ELi0ELi0EEvPKjPjj:
  REG:38 STACK:0 SHARED:0 LOCAL:0 CONSTANT[0]:916 TEXTURE:0 SURFACE:0 SAMPLER:0
 Function _Z14energy_fixtureILi16ELi0ELi0ELi0EEvPKjPjj:
  REG:31 STACK:0 SHARED:0 LOCAL:0 CONSTANT[0]:916 TEXTURE:0 SURFACE:0 SAMPLER:0

Fatbin ptx code:
================
arch = sm_120
code version = [9,2]
host = linux
compile_size = 64bit
compressed
ptxasOptions = -v  
