ptxas info    : 0 bytes gmem
ptxas info    : Compiling entry function '_Z14energy_fixtureILi1ELi24ELi4ELi12EEvPKjPjj' for 'sm_120'
ptxas info    : Function properties for _Z14energy_fixtureILi1ELi24ELi4ELi12EEvPKjPjj
    0 bytes stack frame, 0 bytes spill stores, 0 bytes spill loads
ptxas info    : Used 18 registers, used 0 barriers, 1024 bytes smem
ptxas info    : Compile time = 6.324 ms
ptxas info    : Compiling entry function '_Z14energy_fixtureILi1ELi8ELi8ELi8EEvPKjPjj' for 'sm_120'
ptxas info    : Function properties for _Z14energy_fixtureILi1ELi8ELi8ELi8EEvPKjPjj
    0 bytes stack frame, 0 bytes spill stores, 0 bytes spill loads
ptxas info    : Used 18 registers, used 0 barriers, 1024 bytes smem
ptxas info    : Compile time = 3.343 ms
ptxas info    : Compiling entry function '_Z14energy_fixtureILi1ELi0ELi0ELi64EEvPKjPjj' for 'sm_120'
ptxas info    : Function properties for _Z14energy_fixtureILi1ELi0ELi0ELi64EEvPKjPjj
    0 bytes stack frame, 0 bytes spill stores, 0 bytes spill loads
ptxas info    : Used 24 registers, used 0 barriers, 1024 bytes smem
ptxas info    : Compile time = 7.514 ms
ptxas info    : Compiling entry function '_Z14energy_fixtureILi1ELi0ELi0ELi16EEvPKjPjj' for 'sm_120'
ptxas info    : Function properties for _Z14energy_fixtureILi1ELi0ELi0ELi16EEvPKjPjj
    0 bytes stack frame, 0 bytes spill stores, 0 bytes spill loads
ptxas info    : Used 24 registers, used 0 barriers, 1024 bytes smem
ptxas info    : Compile time = 3.408 ms
ptxas info    : Compiling entry function '_Z14energy_fixtureILi1ELi0ELi64ELi0EEvPKjPjj' for 'sm_120'
ptxas info    : Function properties for _Z14energy_fixtureILi1ELi0ELi64ELi0EEvPKjPjj
    0 bytes stack frame, 0 bytes spill stores, 0 bytes spill loads
ptxas info    : Used 14 registers, used 0 barriers
ptxas info    : Compile time = 2.664 ms
ptxas info    : Compiling entry function '_Z14energy_fixtureILi1ELi0ELi16ELi0EEvPKjPjj' for 'sm_120'
ptxas info    : Function properties for _Z14energy_fixtureILi1ELi0ELi16ELi0EEvPKjPjj
    0 bytes stack frame, 0 bytes spill stores, 0 bytes spill loads
ptxas info    : Used 18 registers, used 0 barriers
ptxas info    : Compile time = 2.014 ms
ptxas info    : Compiling entry function '_Z14energy_fixtureILi1ELi64ELi0ELi0EEvPKjPjj' for 'sm_120'
ptxas info    : Function properties for _Z14energy_fixtureILi1ELi64ELi0ELi0EEvPKjPjj
    0 bytes stack frame, 0 bytes spill stores, 0 bytes spill loads
ptxas info    : Used 22 registers, used 0 barriers
ptxas info    : Compile time = 2.700 ms
ptxas info    : Compiling entry function '_Z14energy_fixtureILi1ELi16ELi0ELi0EEvPKjPjj' for 'sm_120'
ptxas info    : Function properties for _Z14energy_fixtureILi1ELi16ELi0ELi0EEvPKjPjj
    0 bytes stack frame, 0 bytes spill stores, 0 bytes spill loads
ptxas info    : Used 22 registers, used 0 barriers
ptxas info    : Compile time = 1.995 ms
ptxas info    : Compiling entry function '_Z14energy_fixtureILi64ELi0ELi0ELi0EEvPKjPjj' for 'sm_120'
ptxas info    : Function properties for _Z14energy_fixtureILi64ELi0ELi0ELi0EEvPKjPjj
    0 bytes stack frame, 0 bytes spill stores, 0 bytes spill loads
ptxas info    : Used 20 registers, used 0 barriers
ptxas info    : Compile time = 4.240 ms
ptxas info    : Compiling entry function '_Z14energy_fixtureILi16ELi0ELi0ELi0EEvPKjPjj' for 'sm_120'
ptxas info    : Function properties for _Z14energy_fixtureILi16ELi0ELi0ELi0EEvPKjPjj
    0 bytes stack frame, 0 bytes spill stores, 0 bytes spill loads
ptxas info    : Used 20 registers, used 0 barriers
ptxas info    : Compile time = 2.269 ms
