cell 1/16 blackwell/fresh_e_cuda_samples_scalar_product/small/c1 run_id=FRESHE-ENERGY-sp-small-c1
  RAW 
cell 2/16 blackwell/fresh_e_cuda_samples_scalar_product/small/c2 run_id=FRESHE-ENERGY-sp-small-c2
  RAW 
cell 3/16 blackwell/fresh_e_cuda_samples_scalar_product/medium/c1 run_id=FRESHE-ENERGY-sp-medium-c1
  RAW 
cell 4/16 blackwell/fresh_e_cuda_samples_scalar_product/medium/c2 run_id=FRESHE-ENERGY-sp-medium-c2
  RAW 
cell 5/16 blackwell/fresh_e_cuda_samples_scalar_product/large/c1 run_id=FRESHE-ENERGY-sp-large-c1
  RAW 
cell 6/16 blackwell/fresh_e_cuda_samples_scalar_product/large/c2 run_id=FRESHE-ENERGY-sp-large-c2
  RAW 
cell 7/16 blackwell/fresh_e_cuda_samples_scalar_product/xlarge/c1 run_id=FRESHE-ENERGY-sp-xlarge-c1
  RAW 
cell 8/16 blackwell/fresh_e_cuda_samples_scalar_product/xlarge/c2 run_id=FRESHE-ENERGY-sp-xlarge-c2
  RAW 
cell 9/16 blackwell/fresh_e_cuda_samples_fast_walsh_transform/small/c1 run_id=FRESHE-ENERGY-fwt-small-c1
  RAW 
cell 10/16 blackwell/fresh_e_cuda_samples_fast_walsh_transform/small/c2 run_id=FRESHE-ENERGY-fwt-small-c2
  RAW 
cell 11/16 blackwell/fresh_e_cuda_samples_fast_walsh_transform/medium/c1 run_id=FRESHE-ENERGY-fwt-medium-c1
  RAW 
cell 12/16 blackwell/fresh_e_cuda_samples_fast_walsh_transform/medium/c2 run_id=FRESHE-ENERGY-fwt-medium-c2
  RAW 
cell 13/16 blackwell/fresh_e_cuda_samples_fast_walsh_transform/large/c1 run_id=FRESHE-ENERGY-fwt-large-c1
  RAW 
cell 14/16 blackwell/fresh_e_cuda_samples_fast_walsh_transform/large/c2 run_id=FRESHE-ENERGY-fwt-large-c2
  RAW 
cell 15/16 blackwell/fresh_e_cuda_samples_fast_walsh_transform/xlarge/c1 run_id=FRESHE-ENERGY-fwt-xlarge-c1
  RAW 
cell 16/16 blackwell/fresh_e_cuda_samples_fast_walsh_transform/xlarge/c2 run_id=FRESHE-ENERGY-fwt-xlarge-c2
  RAW 
