[    5.0s] 1/40 blackwell/fresh_f_ml_fp32_matmul/large/c1                      batch=4     repeat=72      1489.251 us/launch correct=True
[    9.6s] 2/40 blackwell/fresh_f_ml_fp32_matmul/large/c2                      batch=3     repeat=54      1888.983 us/launch correct=True
[   13.0s] 3/40 blackwell/fresh_f_ml_fp32_matmul/medium/c1                     batch=37    repeat=740     135.912 us/launch correct=True
[   16.2s] 4/40 blackwell/fresh_f_ml_fp32_matmul/medium/c2                     batch=22    repeat=440     227.902 us/launch correct=True
[   19.5s] 5/40 blackwell/fresh_f_ml_fp32_matmul/small/c1                      batch=220   repeat=4620    21.731 us/launch correct=True
[   22.9s] 6/40 blackwell/fresh_f_ml_fp32_matmul/small/c2                      batch=75    repeat=1575    65.804 us/launch correct=True
[   28.4s] 7/40 blackwell/fresh_f_ml_fp32_matmul/xlarge/c1                     batch=2     repeat=36      2917.513 us/launch correct=True
[   33.0s] 8/40 blackwell/fresh_f_ml_fp32_matmul/xlarge/c2                     batch=2     repeat=32      3347.188 us/launch correct=True
[   39.4s] 9/40 blackwell/fresh_f_ml_gelu/large/c1                             batch=14    repeat=280     363.588 us/launch correct=True
[   47.0s] 10/40 blackwell/fresh_f_ml_gelu/large/c2                             batch=14    repeat=280     365.011 us/launch correct=True
[   50.6s] 11/40 blackwell/fresh_f_ml_gelu/medium/c1                            batch=544   repeat=12512   7.974 us/launch correct=True
[   54.2s] 12/40 blackwell/fresh_f_ml_gelu/medium/c2                            batch=861   repeat=21525   4.750 us/launch correct=True
[   57.5s] 13/40 blackwell/fresh_f_ml_gelu/small/c1                             batch=1468  repeat=42572   2.372 us/launch correct=True
[   60.8s] 14/40 blackwell/fresh_f_ml_gelu/small/c2                             batch=1699  repeat=59465   1.715 us/launch correct=True
[   71.9s] 15/40 blackwell/fresh_f_ml_gelu/xlarge/c1                            batch=7     repeat=140     722.522 us/launch correct=True
[   80.9s] 16/40 blackwell/fresh_f_ml_gelu/xlarge/c2                            batch=7     repeat=140     728.142 us/launch correct=True
[   87.0s] 17/40 blackwell/fresh_f_ml_rmsnorm/large/c1                          batch=14    repeat=280     366.572 us/launch correct=True
[   93.7s] 18/40 blackwell/fresh_f_ml_rmsnorm/large/c2                          batch=13    repeat=260     402.697 us/launch correct=True
[   96.7s] 19/40 blackwell/fresh_f_ml_rmsnorm/medium/c1                         batch=713   repeat=16399   6.186 us/launch correct=True
[   99.7s] 20/40 blackwell/fresh_f_ml_rmsnorm/medium/c2                         batch=688   repeat=15136   6.691 us/launch correct=True
[  102.6s] 21/40 blackwell/fresh_f_ml_rmsnorm/small/c1                          batch=1732  repeat=43300   2.404 us/launch correct=True
[  105.8s] 22/40 blackwell/fresh_f_ml_rmsnorm/small/c2                          batch=1427  repeat=37102   2.746 us/launch correct=True
[  117.2s] 23/40 blackwell/fresh_f_ml_rmsnorm/xlarge/c1                         batch=7     repeat=140     735.945 us/launch correct=True
[  126.3s] 24/40 blackwell/fresh_f_ml_rmsnorm/xlarge/c2                         batch=7     repeat=126     814.419 us/launch correct=True
[  132.3s] 25/40 blackwell/fresh_f_ml_rotary_embedding/large/c1                 batch=14    repeat=280     365.575 us/launch correct=True
[  139.3s] 26/40 blackwell/fresh_f_ml_rotary_embedding/large/c2                 batch=14    repeat=280     365.766 us/launch correct=True
[  142.1s] 27/40 blackwell/fresh_f_ml_rotary_embedding/medium/c1                batch=845   repeat=20280   5.047 us/launch correct=True
[  145.2s] 28/40 blackwell/fresh_f_ml_rotary_embedding/medium/c2                batch=315   repeat=6615    15.288 us/launch correct=True
[  148.6s] 29/40 blackwell/fresh_f_ml_rotary_embedding/small/c1                 batch=2048  repeat=79872   1.268 us/launch correct=True
[  151.5s] 30/40 blackwell/fresh_f_ml_rotary_embedding/small/c2                 batch=1774  repeat=46124   2.194 us/launch correct=True
[  163.1s] 31/40 blackwell/fresh_f_ml_rotary_embedding/xlarge/c1                batch=7     repeat=140     727.891 us/launch correct=True
[  172.3s] 32/40 blackwell/fresh_f_ml_rotary_embedding/xlarge/c2                batch=7     repeat=140     731.800 us/launch correct=True
[  176.9s] 33/40 blackwell/fresh_f_ml_swiglu/large/c1                           batch=20    repeat=400     263.379 us/launch correct=True
[  181.6s] 34/40 blackwell/fresh_f_ml_swiglu/large/c2                           batch=19    repeat=380     264.554 us/launch correct=True
[  184.5s] 35/40 blackwell/fresh_f_ml_swiglu/medium/c1                          batch=997   repeat=23928   4.276 us/launch correct=True
[  187.3s] 36/40 blackwell/fresh_f_ml_swiglu/medium/c2                          batch=1418  repeat=34032   2.944 us/launch correct=True
[  189.9s] 37/40 blackwell/fresh_f_ml_swiglu/small/c1                           batch=2048  repeat=69632   1.439 us/launch correct=True
[  192.7s] 38/40 blackwell/fresh_f_ml_swiglu/small/c2                           batch=2048  repeat=73728   1.355 us/launch correct=True
[  200.1s] 39/40 blackwell/fresh_f_ml_swiglu/xlarge/c1                          batch=10    repeat=190     529.761 us/launch correct=True
[  207.0s] 40/40 blackwell/fresh_f_ml_swiglu/xlarge/c2                          batch=10    repeat=190     530.842 us/launch correct=True
wrote /home/user/fresh_f_timing_result.json
