[    0.0s] cell 1/40 blackwell/fresh_c_pytorch_rowwise_softmax/small/c1: generating input (209664 values)
[    0.0s]   uploading tensor
[    0.2s]   capturing graph (1000 launches)
[    0.2s]   timing
[    0.8s]   reference check (pure Python, full output; slow for large cells)
[    0.9s] blackwell/fresh_c_pytorch_rowwise_softmax/small/c1             N=82    1.207 us/launch  correct=True
[    0.9s] cell 2/40 blackwell/fresh_c_pytorch_rowwise_softmax/small/c2: generating input (212576 values)
[    0.9s]   uploading tensor
[    1.0s]   capturing graph (1000 launches)
[    1.0s]   timing
[    1.6s]   reference check (pure Python, full output; slow for large cells)
[    1.7s] blackwell/fresh_c_pytorch_rowwise_softmax/small/c2             N=39    2.550 us/launch  correct=True
[    1.7s] cell 3/40 blackwell/fresh_c_pytorch_rowwise_softmax/small/c3: generating input (218400 values)
[    1.7s]   uploading tensor
[    1.8s]   capturing graph (1000 launches)
[    1.8s]   timing
[    2.4s]   reference check (pure Python, full output; slow for large cells)
[    2.5s] blackwell/fresh_c_pytorch_rowwise_softmax/small/c3             N=39    2.549 us/launch  correct=True
[    2.5s] cell 4/40 blackwell/fresh_c_pytorch_rowwise_softmax/small/c4: generating input (230048 values)
[    2.5s]   uploading tensor
[    2.6s]   capturing graph (1000 launches)
[    2.6s]   timing
[    3.2s]   reference check (pure Python, full output; slow for large cells)
[    3.3s] blackwell/fresh_c_pytorch_rowwise_softmax/small/c4             N=39    2.552 us/launch  correct=True
[    3.3s] cell 5/40 blackwell/fresh_c_pytorch_rowwise_softmax/medium/c1: generating input (3146752 values)
[    3.6s]   uploading tensor
[    3.7s]   capturing graph (1000 launches)
[    3.7s]   timing
[    4.4s]   reference check (pure Python, full output; slow for large cells)
[    5.0s] blackwell/fresh_c_pytorch_rowwise_softmax/medium/c1            N=24    4.242 us/launch  correct=True
[    5.1s] cell 6/40 blackwell/fresh_c_pytorch_rowwise_softmax/medium/c2: generating input (3153776 values)
[    5.4s]   uploading tensor
[    5.5s]   capturing graph (1000 launches)
[    5.5s]   timing
[    6.2s]   reference check (pure Python, full output; slow for large cells)
[    6.9s] blackwell/fresh_c_pytorch_rowwise_softmax/medium/c2            N=10    10.462 us/launch  correct=True
[    6.9s] cell 7/40 blackwell/fresh_c_pytorch_rowwise_softmax/medium/c3: generating input (3167824 values)
[    7.2s]   uploading tensor
[    7.3s]   capturing graph (1000 launches)
[    7.4s]   timing
[    8.0s]   reference check (pure Python, full output; slow for large cells)
[    8.7s] blackwell/fresh_c_pytorch_rowwise_softmax/medium/c3            N=9     10.695 us/launch  correct=True
[    8.7s] cell 8/40 blackwell/fresh_c_pytorch_rowwise_softmax/medium/c4: generating input (3195920 values)
[    9.0s]   uploading tensor
[    9.1s]   capturing graph (1000 launches)
[    9.1s]   timing
[    9.8s]   reference check (pure Python, full output; slow for large cells)
[   10.4s] blackwell/fresh_c_pytorch_rowwise_softmax/medium/c4            N=9     10.688 us/launch  correct=True
[   10.5s] cell 9/40 blackwell/fresh_c_pytorch_rowwise_softmax/large/c1: generating input (9920000 values)
[   11.4s]   uploading tensor
[   11.7s]   capturing graph (1000 launches)
[   11.7s]   timing
[   12.4s]   reference check (pure Python, full output; slow for large cells)
[   14.5s] blackwell/fresh_c_pytorch_rowwise_softmax/large/c1             N=8     14.105 us/launch  correct=True
[   14.6s] cell 10/40 blackwell/fresh_c_pytorch_rowwise_softmax/large/c2: generating input (9932400 values)
[   15.6s]   uploading tensor
[   15.9s]   capturing graph (1000 launches)
[   15.9s]   timing
[   16.6s]   reference check (pure Python, full output; slow for large cells)
[   18.6s] blackwell/fresh_c_pytorch_rowwise_softmax/large/c2             N=3     33.528 us/launch  correct=True
[   18.7s] cell 11/40 blackwell/fresh_c_pytorch_rowwise_softmax/large/c3: generating input (9957200 values)
[   19.7s]   uploading tensor
[   20.0s]   capturing graph (1000 launches)
[   20.0s]   timing
[   20.7s]   reference check (pure Python, full output; slow for large cells)
[   22.8s] blackwell/fresh_c_pytorch_rowwise_softmax/large/c3             N=3     33.546 us/launch  correct=True
[   22.9s] cell 12/40 blackwell/fresh_c_pytorch_rowwise_softmax/large/c4: generating input (10006800 values)
[   23.8s]   uploading tensor
[   24.1s]   capturing graph (1000 launches)
[   24.1s]   timing
[   24.8s]   reference check (pure Python, full output; slow for large cells)
[   26.9s] blackwell/fresh_c_pytorch_rowwise_softmax/large/c4             N=3     33.922 us/launch  correct=True
[   27.0s] cell 13/40 blackwell/fresh_c_pytorch_rowwise_softmax/dram1/c1: generating input (23592960 values)
[   29.2s]   uploading tensor
[   29.8s]   capturing graph (1000 launches)
[   29.9s]   timing
[   30.9s]   reference check (pure Python, full output; slow for large cells)
[   35.8s] blackwell/fresh_c_pytorch_rowwise_softmax/dram1/c1             N=1     128.213 us/launch  correct=True
[   36.0s] cell 14/40 blackwell/fresh_c_pytorch_rowwise_softmax/dram1/c2: generating input (23633920 values)
[   38.2s]   uploading tensor
[   38.9s]   capturing graph (1000 launches)
[   38.9s]   timing
[   40.6s]   reference check (pure Python, full output; slow for large cells)
[   45.5s] blackwell/fresh_c_pytorch_rowwise_softmax/dram1/c2             N=1     209.430 us/launch  correct=True
[   45.7s] cell 15/40 blackwell/fresh_c_pytorch_rowwise_softmax/dram1/c3: generating input (23715840 values)
[   47.9s]   uploading tensor
[   48.5s]   capturing graph (1000 launches)
[   48.6s]   timing
[   50.3s]   reference check (pure Python, full output; slow for large cells)
[   55.2s] blackwell/fresh_c_pytorch_rowwise_softmax/dram1/c3             N=1     209.250 us/launch  correct=True
[   55.4s] cell 16/40 blackwell/fresh_c_pytorch_rowwise_softmax/dram1/c4: generating input (23879680 values)
[   57.6s]   uploading tensor
[   58.2s]   capturing graph (1000 launches)
[   58.3s]   timing
[   60.0s]   reference check (pure Python, full output; slow for large cells)
[   64.9s] blackwell/fresh_c_pytorch_rowwise_softmax/dram1/c4             N=1     208.419 us/launch  correct=True
[   65.1s] cell 17/40 blackwell/fresh_c_pytorch_rowwise_softmax/dram2/c1: generating input (68160000 values)
[   71.6s]   uploading tensor
[   73.3s]   capturing graph (1000 launches)
[   73.3s]   timing
[   76.4s]   reference check (pure Python, full output; slow for large cells)
[   90.7s] blackwell/fresh_c_pytorch_rowwise_softmax/dram2/c1             N=1     373.008 us/launch  correct=True
[   91.2s] cell 18/40 blackwell/fresh_c_pytorch_rowwise_softmax/dram2/c2: generating input (68228160 values)
[   97.9s]   uploading tensor
[   99.7s]   capturing graph (1000 launches)
[   99.7s]   timing
[  105.7s]   reference check (pure Python, full output; slow for large cells)
[  119.6s] blackwell/fresh_c_pytorch_rowwise_softmax/dram2/c2             N=1     746.995 us/launch  correct=True
[  120.1s] cell 19/40 blackwell/fresh_c_pytorch_rowwise_softmax/dram2/c3: generating input (68364480 values)
[  126.6s]   uploading tensor
[  128.4s]   capturing graph (1000 launches)
[  128.4s]   timing
[  134.4s]   reference check (pure Python, full output; slow for large cells)
[  148.3s] blackwell/fresh_c_pytorch_rowwise_softmax/dram2/c3             N=1     746.382 us/launch  correct=True
[  149.0s] cell 20/40 blackwell/fresh_c_pytorch_rowwise_softmax/dram2/c4: generating input (68637120 values)
[  155.5s]   uploading tensor
[  157.3s]   capturing graph (1000 launches)
[  157.4s]   timing
[  163.4s]   reference check (pure Python, full output; slow for large cells)
[  177.3s] blackwell/fresh_c_pytorch_rowwise_softmax/dram2/c4             N=1     748.052 us/launch  correct=True
[  177.8s] cell 21/40 blackwell/fresh_c_pytorch_layer_norm/small/c1: generating input (209664 values)
[  177.9s]   uploading tensor
[  177.9s]   capturing graph (1000 launches)
[  177.9s]   timing
[  178.6s]   reference check (pure Python, full output; slow for large cells)
[  178.6s] blackwell/fresh_c_pytorch_layer_norm/small/c1                  N=26    3.873 us/launch  correct=True
[  178.7s] cell 22/40 blackwell/fresh_c_pytorch_layer_norm/small/c2: generating input (212576 values)
[  178.7s]   uploading tensor
[  178.7s]   capturing graph (1000 launches)
[  178.8s]   timing
[  179.4s]   reference check (pure Python, full output; slow for large cells)
[  179.5s] blackwell/fresh_c_pytorch_layer_norm/small/c2                  N=20    5.118 us/launch  correct=True
[  179.5s] cell 23/40 blackwell/fresh_c_pytorch_layer_norm/small/c3: generating input (218400 values)
[  179.5s]   uploading tensor
[  179.6s]   capturing graph (1000 launches)
[  179.6s]   timing
[  180.3s]   reference check (pure Python, full output; slow for large cells)
[  180.3s] blackwell/fresh_c_pytorch_layer_norm/small/c3                  N=20    5.120 us/launch  correct=True
[  180.4s] cell 24/40 blackwell/fresh_c_pytorch_layer_norm/small/c4: generating input (230048 values)
[  180.4s]   uploading tensor
[  180.4s]   capturing graph (1000 launches)
[  180.4s]   timing
[  181.1s]   reference check (pure Python, full output; slow for large cells)
[  181.2s] blackwell/fresh_c_pytorch_layer_norm/small/c4                  N=19    5.218 us/launch  correct=True
[  181.2s] cell 25/40 blackwell/fresh_c_pytorch_layer_norm/medium/c1: generating input (3146752 values)
[  181.5s]   uploading tensor
[  181.6s]   capturing graph (1000 launches)
[  181.6s]   timing
[  182.3s]   reference check (pure Python, full output; slow for large cells)
[  183.4s] blackwell/fresh_c_pytorch_layer_norm/medium/c1                 N=12    8.943 us/launch  correct=True
[  183.5s] cell 26/40 blackwell/fresh_c_pytorch_layer_norm/medium/c2: generating input (3153776 values)
[  183.8s]   uploading tensor
[  183.9s]   capturing graph (1000 launches)
[  183.9s]   timing
[  184.6s]   reference check (pure Python, full output; slow for large cells)
[  185.8s] blackwell/fresh_c_pytorch_layer_norm/medium/c2                 N=7     15.130 us/launch  correct=True
[  185.8s] cell 27/40 blackwell/fresh_c_pytorch_layer_norm/medium/c3: generating input (3167824 values)
[  186.1s]   uploading tensor
[  186.2s]   capturing graph (1000 launches)
[  186.2s]   timing
[  186.9s]   reference check (pure Python, full output; slow for large cells)
[  188.1s] blackwell/fresh_c_pytorch_layer_norm/medium/c3                 N=7     14.945 us/launch  correct=True
[  188.1s] cell 28/40 blackwell/fresh_c_pytorch_layer_norm/medium/c4: generating input (3195920 values)
[  188.4s]   uploading tensor
[  188.5s]   capturing graph (1000 launches)
[  188.5s]   timing
[  189.3s]   reference check (pure Python, full output; slow for large cells)
[  190.4s] blackwell/fresh_c_pytorch_layer_norm/medium/c4                 N=7     15.139 us/launch  correct=True
[  190.5s] cell 29/40 blackwell/fresh_c_pytorch_layer_norm/large/c1: generating input (9920000 values)
[  191.4s]   uploading tensor
[  191.7s]   capturing graph (1000 launches)
[  191.7s]   timing
[  192.4s]   reference check (pure Python, full output; slow for large cells)
[  196.0s] blackwell/fresh_c_pytorch_layer_norm/large/c1                  N=4     25.542 us/launch  correct=True
[  196.1s] cell 30/40 blackwell/fresh_c_pytorch_layer_norm/large/c2: generating input (9932400 values)
[  197.1s]   uploading tensor
[  197.3s]   capturing graph (1000 launches)
[  197.4s]   timing
[  198.0s]   reference check (pure Python, full output; slow for large cells)
[  201.7s] blackwell/fresh_c_pytorch_layer_norm/large/c2                  N=2     43.686 us/launch  correct=True
[  201.8s] cell 31/40 blackwell/fresh_c_pytorch_layer_norm/large/c3: generating input (9957200 values)
[  202.7s]   uploading tensor
[  203.0s]   capturing graph (1000 launches)
[  203.0s]   timing
[  203.7s]   reference check (pure Python, full output; slow for large cells)
[  207.3s] blackwell/fresh_c_pytorch_layer_norm/large/c3                  N=2     43.666 us/launch  correct=True
[  207.4s] cell 32/40 blackwell/fresh_c_pytorch_layer_norm/large/c4: generating input (10006800 values)
[  208.3s]   uploading tensor
[  208.6s]   capturing graph (1000 launches)
[  208.6s]   timing
[  209.3s]   reference check (pure Python, full output; slow for large cells)
[  212.9s] blackwell/fresh_c_pytorch_layer_norm/large/c4                  N=2     43.730 us/launch  correct=True
[  213.0s] cell 33/40 blackwell/fresh_c_pytorch_layer_norm/dram1/c1: generating input (23592960 values)
[  215.2s]   uploading tensor
[  215.8s]   capturing graph (1000 launches)
[  215.8s]   timing
[  216.9s]   reference check (pure Python, full output; slow for large cells)
[  225.4s] blackwell/fresh_c_pytorch_layer_norm/dram1/c1                  N=1     127.346 us/launch  correct=True
[  225.6s] cell 34/40 blackwell/fresh_c_pytorch_layer_norm/dram1/c2: generating input (23633920 values)
[  227.8s]   uploading tensor
[  228.5s]   capturing graph (1000 launches)
[  228.5s]   timing
[  230.3s]   reference check (pure Python, full output; slow for large cells)
[  238.8s] blackwell/fresh_c_pytorch_layer_norm/dram1/c2                  N=1     225.767 us/launch  correct=True
[  239.0s] cell 35/40 blackwell/fresh_c_pytorch_layer_norm/dram1/c3: generating input (23715840 values)
[  241.2s]   uploading tensor
[  241.9s]   capturing graph (1000 launches)
[  241.9s]   timing
[  243.7s]   reference check (pure Python, full output; slow for large cells)
[  252.3s] blackwell/fresh_c_pytorch_layer_norm/dram1/c3                  N=1     226.210 us/launch  correct=True
[  252.5s] cell 36/40 blackwell/fresh_c_pytorch_layer_norm/dram1/c4: generating input (23879680 values)
[  254.7s]   uploading tensor
[  255.4s]   capturing graph (1000 launches)
[  255.4s]   timing
[  257.2s]   reference check (pure Python, full output; slow for large cells)
[  265.8s] blackwell/fresh_c_pytorch_layer_norm/dram1/c4                  N=1     227.047 us/launch  correct=True
[  266.0s] cell 37/40 blackwell/fresh_c_pytorch_layer_norm/dram2/c1: generating input (68160000 values)
[  272.5s]   uploading tensor
[  274.2s]   capturing graph (1000 launches)
[  274.3s]   timing
[  277.3s]   reference check (pure Python, full output; slow for large cells)
[  301.9s] blackwell/fresh_c_pytorch_layer_norm/dram2/c1                  N=1     373.227 us/launch  correct=True
[  302.4s] cell 38/40 blackwell/fresh_c_pytorch_layer_norm/dram2/c2: generating input (68228160 values)
[  308.9s]   uploading tensor
[  310.7s]   capturing graph (1000 launches)
[  310.8s]   timing
[  316.8s]   reference check (pure Python, full output; slow for large cells)
[  341.4s] blackwell/fresh_c_pytorch_layer_norm/dram2/c2                  N=1     747.703 us/launch  correct=True
[  342.1s] cell 39/40 blackwell/fresh_c_pytorch_layer_norm/dram2/c3: generating input (68364480 values)
[  348.7s]   uploading tensor
[  350.5s]   capturing graph (1000 launches)
[  350.5s]   timing
[  356.5s]   reference check (pure Python, full output; slow for large cells)
[  381.1s] blackwell/fresh_c_pytorch_layer_norm/dram2/c3                  N=1     747.565 us/launch  correct=True
[  381.8s] cell 40/40 blackwell/fresh_c_pytorch_layer_norm/dram2/c4: generating input (68637120 values)
[  388.4s]   uploading tensor
[  390.2s]   capturing graph (1000 launches)
[  390.2s]   timing
[  396.2s]   reference check (pure Python, full output; slow for large cells)
[  420.6s] blackwell/fresh_c_pytorch_layer_norm/dram2/c4                  N=1     748.475 us/launch  correct=True
wrote /home/user/gpu_energy/fresh_c_timing/timing_fresh_c_result.json
