skip (exists) blackwell/unseen_cuda_samples_black_scholes/small/c1
blackwell/unseen_cuda_samples_black_scholes/small/c2 supported_with_assumptions conditional_static_phases ok 6s
blackwell/unseen_cuda_samples_black_scholes/medium/c2 supported_with_assumptions conditional_static_phases ok 6s
blackwell/unseen_cuda_samples_black_scholes/medium/c1 supported_with_assumptions conditional_static_phases ok 13s
blackwell/unseen_cuda_samples_black_scholes/large/c2 supported_with_assumptions conditional_static_phases ok 6s
blackwell/unseen_cuda_samples_black_scholes/large/c1 supported_with_assumptions conditional_static_phases ok 13s
skip (exists) blackwell/unseen_cuda_samples_scan/small/c1
blackwell/unseen_cuda_samples_black_scholes/xlarge/c2 supported_with_assumptions conditional_static_phases ok 7s
blackwell/unseen_cuda_samples_black_scholes/xlarge/c1 supported_with_assumptions conditional_static_phases ok 13s
blackwell/unseen_cuda_samples_scan/small/c2 supported conditional_static_phases ok 17s
blackwell/unseen_cuda_samples_scan/medium/c1 supported conditional_static_phases ok 17s
blackwell/unseen_cuda_samples_scan/medium/c2 supported conditional_static_phases ok 24s
blackwell/unseen_cuda_samples_scan/large/c1 supported conditional_static_phases ok 19s
blackwell/unseen_cuda_samples_scan/large/c2 supported conditional_static_phases ok 25s
skip (exists) blackwell/unseen_cuda_samples_separable_convolution/small/c1
blackwell/unseen_cuda_samples_scan/xlarge/c1 supported conditional_static_phases ok 18s
blackwell/unseen_cuda_samples_scan/xlarge/c2 supported conditional_static_phases ok 21s
blackwell/unseen_cuda_samples_separable_convolution/small/c2 supported conditional_static_phases ok 238s
blackwell/unseen_cuda_samples_separable_convolution/medium/c1 supported conditional_static_phases ok 272s
blackwell/unseen_cuda_samples_separable_convolution/medium/c2 supported conditional_static_phases ok 270s
blackwell/unseen_cuda_samples_separable_convolution/large/c1 supported conditional_static_phases ok 247s
blackwell/unseen_cuda_samples_separable_convolution/large/c2 supported conditional_static_phases ok 240s
blackwell/unseen_cuda_samples_separable_convolution/xlarge/c1 supported conditional_static_phases ok 238s
blackwell/unseen_cuda_samples_separable_convolution/xlarge/c2 supported conditional_static_phases ok 222s
