memory/low/small_candidate 3705856
memory/low/l2_candidate 453317632
memory/low/dram_candidate 7249472512
memory/high/small_candidate 10636288
memory/high/l2_candidate 1659212800
memory/high/dram_candidate 26578447360
arithmetic/low/small_candidate 2358272
arithmetic/low/l2_candidate 210511872
arithmetic/low/dram_candidate 3356879872
arithmetic/high/small_candidate 4668416
arithmetic/high/l2_candidate 612476928
arithmetic/high/dram_candidate 9799871488
special_function/low/small_candidate 2550784
special_function/low/l2_candidate 219030528
special_function/low/dram_candidate 3491253248
special_function/high/small_candidate 4860928
special_function/high/l2_candidate 620995584
special_function/high/dram_candidate 9934244864
other_shared/low/small_candidate 4860928
other_shared/low/l2_candidate 604343296
other_shared/low/dram_candidate 9665883136
other_shared/high/small_candidate 14101504
other_shared/high/l2_candidate 2212203520
other_shared/high/dram_candidate 35437849600
mixed/small_candidate 4427776
mixed/l2_candidate 495670272
mixed/dram_candidate 7921098752
mixed_altered/dram_candidate 11679558656
anchor_memory/l2_candidate 453317632
anchor_arithmetic/small_candidate 2358272
