cell 1/32 blackwell/unseen_cuda_samples_matrix_multiply/small/c1 run_id=UNSEEN-ENERGY-matmul-small-c1
  RAW 
cell 2/32 blackwell/unseen_cuda_samples_matrix_multiply/small/c2 run_id=UNSEEN-ENERGY-matmul-small-c2
  RAW 
cell 3/32 blackwell/unseen_cuda_samples_matrix_multiply/medium/c1 run_id=UNSEEN-ENERGY-matmul-medium-c1
  RAW 
cell 4/32 blackwell/unseen_cuda_samples_matrix_multiply/medium/c2 run_id=UNSEEN-ENERGY-matmul-medium-c2
  RAW 
cell 5/32 blackwell/unseen_cuda_samples_matrix_multiply/large/c1 run_id=UNSEEN-ENERGY-matmul-large-c1
  RAW 
cell 6/32 blackwell/unseen_cuda_samples_matrix_multiply/large/c2 run_id=UNSEEN-ENERGY-matmul-large-c2
  RAW 
cell 7/32 blackwell/unseen_cuda_samples_matrix_multiply/xlarge/c1 run_id=UNSEEN-ENERGY-matmul-xlarge-c1
  RAW 
cell 8/32 blackwell/unseen_cuda_samples_matrix_multiply/xlarge/c2 run_id=UNSEEN-ENERGY-matmul-xlarge-c2
  RAW 
cell 9/32 blackwell/unseen_cuda_samples_black_scholes/small/c1 run_id=UNSEEN-ENERGY-bs-small-c1
  RAW 
cell 10/32 blackwell/unseen_cuda_samples_black_scholes/small/c2 run_id=UNSEEN-ENERGY-bs-small-c2
  RAW 
cell 11/32 blackwell/unseen_cuda_samples_black_scholes/medium/c1 run_id=UNSEEN-ENERGY-bs-medium-c1
  RAW 
cell 12/32 blackwell/unseen_cuda_samples_black_scholes/medium/c2 run_id=UNSEEN-ENERGY-bs-medium-c2
  RAW 
cell 13/32 blackwell/unseen_cuda_samples_black_scholes/large/c1 run_id=UNSEEN-ENERGY-bs-large-c1
  RAW 
cell 14/32 blackwell/unseen_cuda_samples_black_scholes/large/c2 run_id=UNSEEN-ENERGY-bs-large-c2
  RAW 
cell 15/32 blackwell/unseen_cuda_samples_black_scholes/xlarge/c1 run_id=UNSEEN-ENERGY-bs-xlarge-c1
  RAW 
cell 16/32 blackwell/unseen_cuda_samples_black_scholes/xlarge/c2 run_id=UNSEEN-ENERGY-bs-xlarge-c2
  RAW 
cell 17/32 blackwell/unseen_cuda_samples_scan/small/c1 run_id=UNSEEN-ENERGY-scan-small-c1
  RAW 
cell 18/32 blackwell/unseen_cuda_samples_scan/small/c2 run_id=UNSEEN-ENERGY-scan-small-c2
  RAW 
cell 19/32 blackwell/unseen_cuda_samples_scan/medium/c1 run_id=UNSEEN-ENERGY-scan-medium-c1
  RAW 
cell 20/32 blackwell/unseen_cuda_samples_scan/medium/c2 run_id=UNSEEN-ENERGY-scan-medium-c2
  RAW 
cell 21/32 blackwell/unseen_cuda_samples_scan/large/c1 run_id=UNSEEN-ENERGY-scan-large-c1
  RAW 
cell 22/32 blackwell/unseen_cuda_samples_scan/large/c2 run_id=UNSEEN-ENERGY-scan-large-c2
  RAW 
cell 23/32 blackwell/unseen_cuda_samples_scan/xlarge/c1 run_id=UNSEEN-ENERGY-scan-xlarge-c1
  RAW 
cell 24/32 blackwell/unseen_cuda_samples_scan/xlarge/c2 run_id=UNSEEN-ENERGY-scan-xlarge-c2
  RAW 
cell 25/32 blackwell/unseen_cuda_samples_separable_convolution/small/c1 run_id=UNSEEN-ENERGY-conv-small-c1
  RAW 
cell 26/32 blackwell/unseen_cuda_samples_separable_convolution/small/c2 run_id=UNSEEN-ENERGY-conv-small-c2
  RAW 
cell 27/32 blackwell/unseen_cuda_samples_separable_convolution/medium/c1 run_id=UNSEEN-ENERGY-conv-medium-c1
  RAW 
cell 28/32 blackwell/unseen_cuda_samples_separable_convolution/medium/c2 run_id=UNSEEN-ENERGY-conv-medium-c2
  RAW 
cell 29/32 blackwell/unseen_cuda_samples_separable_convolution/large/c1 run_id=UNSEEN-ENERGY-conv-large-c1
  RAW 
cell 30/32 blackwell/unseen_cuda_samples_separable_convolution/large/c2 run_id=UNSEEN-ENERGY-conv-large-c2
  RAW 
cell 31/32 blackwell/unseen_cuda_samples_separable_convolution/xlarge/c1 run_id=UNSEEN-ENERGY-conv-xlarge-c1
  RAW 
cell 32/32 blackwell/unseen_cuda_samples_separable_convolution/xlarge/c2 run_id=UNSEEN-ENERGY-conv-xlarge-c2
  RAW 
