[    0.0s] cell 1/32 blackwell/fresh_b_pytorch_rowwise_softmax/small/c1: generating input (340480 values)
[    0.1s]   uploading tensor
[    0.3s]   capturing graph (1000 launches)
[    0.3s]   timing
[    1.0s]   reference check (pure Python, full output; slow for large cells)
[    1.0s] blackwell/fresh_b_pytorch_rowwise_softmax/small/c1             N=72    1.358 us/launch  correct=True
[    1.1s] cell 2/32 blackwell/fresh_b_pytorch_rowwise_softmax/small/c2: generating input (343520 values)
[    1.1s]   uploading tensor
[    1.1s]   capturing graph (1000 launches)
[    1.2s]   timing
[    1.8s]   reference check (pure Python, full output; slow for large cells)
[    1.9s] blackwell/fresh_b_pytorch_rowwise_softmax/small/c2             N=34    2.936 us/launch  correct=True
[    1.9s] cell 3/32 blackwell/fresh_b_pytorch_rowwise_softmax/small/c3: generating input (349600 values)
[    2.0s]   uploading tensor
[    2.0s]   capturing graph (1000 launches)
[    2.0s]   timing
[    2.7s]   reference check (pure Python, full output; slow for large cells)
[    2.7s] blackwell/fresh_b_pytorch_rowwise_softmax/small/c3             N=34    2.934 us/launch  correct=True
[    2.8s] cell 4/32 blackwell/fresh_b_pytorch_rowwise_softmax/small/c4: generating input (361760 values)
[    2.8s]   uploading tensor
[    2.8s]   capturing graph (1000 launches)
[    2.8s]   timing
[    3.5s]   reference check (pure Python, full output; slow for large cells)
[    3.5s] blackwell/fresh_b_pytorch_rowwise_softmax/small/c4             N=34    2.709 us/launch  correct=True
[    3.6s] cell 5/32 blackwell/fresh_b_pytorch_rowwise_softmax/medium/c1: generating input (2360320 values)
[    3.8s]   uploading tensor
[    3.9s]   capturing graph (1000 launches)
[    3.9s]   timing
[    4.6s]   reference check (pure Python, full output; slow for large cells)
[    5.1s] blackwell/fresh_b_pytorch_rowwise_softmax/medium/c1            N=30    3.455 us/launch  correct=True
[    5.1s] cell 6/32 blackwell/fresh_b_pytorch_rowwise_softmax/medium/c2: generating input (2367696 values)
[    5.3s]   uploading tensor
[    5.4s]   capturing graph (1000 launches)
[    5.4s]   timing
[    6.1s]   reference check (pure Python, full output; slow for large cells)
[    6.6s] blackwell/fresh_b_pytorch_rowwise_softmax/medium/c2            N=12    8.236 us/launch  correct=True
[    6.6s] cell 7/32 blackwell/fresh_b_pytorch_rowwise_softmax/medium/c3: generating input (2382448 values)
[    6.8s]   uploading tensor
[    6.9s]   capturing graph (1000 launches)
[    6.9s]   timing
[    7.6s]   reference check (pure Python, full output; slow for large cells)
[    8.1s] blackwell/fresh_b_pytorch_rowwise_softmax/medium/c3            N=12    8.462 us/launch  correct=True
[    8.2s] cell 8/32 blackwell/fresh_b_pytorch_rowwise_softmax/medium/c4: generating input (2411952 values)
[    8.4s]   uploading tensor
[    8.5s]   capturing graph (1000 launches)
[    8.5s]   timing
[    9.2s]   reference check (pure Python, full output; slow for large cells)
[    9.7s] blackwell/fresh_b_pytorch_rowwise_softmax/medium/c4            N=12    8.465 us/launch  correct=True
[    9.7s] cell 9/32 blackwell/fresh_b_pytorch_rowwise_softmax/large/c1: generating input (8919040 values)
[   10.5s]   uploading tensor
[   10.8s]   capturing graph (1000 launches)
[   10.8s]   timing
[   11.6s]   reference check (pure Python, full output; slow for large cells)
[   13.5s] blackwell/fresh_b_pytorch_rowwise_softmax/large/c1             N=9     13.558 us/launch  correct=True
[   13.6s] cell 10/32 blackwell/fresh_b_pytorch_rowwise_softmax/large/c2: generating input (8932976 values)
[   14.4s]   uploading tensor
[   14.7s]   capturing graph (1000 launches)
[   14.7s]   timing
[   15.3s]   reference check (pure Python, full output; slow for large cells)
[   17.2s] blackwell/fresh_b_pytorch_rowwise_softmax/large/c2             N=3     30.210 us/launch  correct=True
[   17.3s] cell 11/32 blackwell/fresh_b_pytorch_rowwise_softmax/large/c3: generating input (8960848 values)
[   18.1s]   uploading tensor
[   18.4s]   capturing graph (1000 launches)
[   18.4s]   timing
[   19.0s]   reference check (pure Python, full output; slow for large cells)
[   20.9s] blackwell/fresh_b_pytorch_rowwise_softmax/large/c3             N=3     30.232 us/launch  correct=True
[   21.0s] cell 12/32 blackwell/fresh_b_pytorch_rowwise_softmax/large/c4: generating input (9016592 values)
[   21.8s]   uploading tensor
[   22.1s]   capturing graph (1000 launches)
[   22.1s]   timing
[   22.7s]   reference check (pure Python, full output; slow for large cells)
[   24.6s] blackwell/fresh_b_pytorch_rowwise_softmax/large/c4             N=3     30.599 us/launch  correct=True
[   24.7s] cell 13/32 blackwell/fresh_b_pytorch_rowwise_softmax/xlarge/c1: generating input (52423680 values)
[   29.6s]   uploading tensor
[   31.0s]   capturing graph (1000 launches)
[   31.0s]   timing
[   33.3s]   reference check (pure Python, full output; slow for large cells)
[   44.0s] blackwell/fresh_b_pytorch_rowwise_softmax/xlarge/c1            N=1     285.771 us/launch  correct=True
[   44.4s] cell 14/32 blackwell/fresh_b_pytorch_rowwise_softmax/xlarge/c2: generating input (52478288 values)
[   49.3s]   uploading tensor
[   50.7s]   capturing graph (1000 launches)
[   50.7s]   timing
[   55.3s]   reference check (pure Python, full output; slow for large cells)
[   66.1s] blackwell/fresh_b_pytorch_rowwise_softmax/xlarge/c2            N=1     573.971 us/launch  correct=True
[   66.5s] cell 15/32 blackwell/fresh_b_pytorch_rowwise_softmax/xlarge/c3: generating input (52587504 values)
[   71.4s]   uploading tensor
[   72.7s]   capturing graph (1000 launches)
[   72.8s]   timing
[   77.4s]   reference check (pure Python, full output; slow for large cells)
[   88.2s] blackwell/fresh_b_pytorch_rowwise_softmax/xlarge/c3            N=1     574.220 us/launch  correct=True
[   88.6s] cell 16/32 blackwell/fresh_b_pytorch_rowwise_softmax/xlarge/c4: generating input (52805936 values)
[   93.5s]   uploading tensor
[   94.9s]   capturing graph (1000 launches)
[   94.9s]   timing
[   99.5s]   reference check (pure Python, full output; slow for large cells)
[  110.3s] blackwell/fresh_b_pytorch_rowwise_softmax/xlarge/c4            N=1     575.003 us/launch  correct=True
[  110.7s] cell 17/32 blackwell/fresh_b_pytorch_layer_norm/small/c1: generating input (340480 values)
[  110.7s]   uploading tensor
[  110.8s]   capturing graph (1000 launches)
[  110.8s]   timing
[  111.4s]   reference check (pure Python, full output; slow for large cells)
[  111.5s] blackwell/fresh_b_pytorch_layer_norm/small/c1                  N=25    3.928 us/launch  correct=True
[  111.6s] cell 18/32 blackwell/fresh_b_pytorch_layer_norm/small/c2: generating input (343520 values)
[  111.6s]   uploading tensor
[  111.6s]   capturing graph (1000 launches)
[  111.7s]   timing
[  112.3s]   reference check (pure Python, full output; slow for large cells)
[  112.4s] blackwell/fresh_b_pytorch_layer_norm/small/c2                  N=18    5.513 us/launch  correct=True
[  112.5s] cell 19/32 blackwell/fresh_b_pytorch_layer_norm/small/c3: generating input (349600 values)
[  112.5s]   uploading tensor
[  112.5s]   capturing graph (1000 launches)
[  112.5s]   timing
[  113.2s]   reference check (pure Python, full output; slow for large cells)
[  113.3s] blackwell/fresh_b_pytorch_layer_norm/small/c3                  N=18    5.515 us/launch  correct=True
[  113.3s] cell 20/32 blackwell/fresh_b_pytorch_layer_norm/small/c4: generating input (361760 values)
[  113.4s]   uploading tensor
[  113.4s]   capturing graph (1000 launches)
[  113.4s]   timing
[  114.1s]   reference check (pure Python, full output; slow for large cells)
[  114.2s] blackwell/fresh_b_pytorch_layer_norm/small/c4                  N=18    5.512 us/launch  correct=True
[  114.2s] cell 21/32 blackwell/fresh_b_pytorch_layer_norm/medium/c1: generating input (2360320 values)
[  114.4s]   uploading tensor
[  114.5s]   capturing graph (1000 launches)
[  114.5s]   timing
[  115.2s]   reference check (pure Python, full output; slow for large cells)
[  116.0s] blackwell/fresh_b_pytorch_layer_norm/medium/c1                 N=12    8.229 us/launch  correct=True
[  116.1s] cell 22/32 blackwell/fresh_b_pytorch_layer_norm/medium/c2: generating input (2367696 values)
[  116.3s]   uploading tensor
[  116.4s]   capturing graph (1000 launches)
[  116.4s]   timing
[  117.1s]   reference check (pure Python, full output; slow for large cells)
[  118.0s] blackwell/fresh_b_pytorch_layer_norm/medium/c2                 N=8     13.283 us/launch  correct=True
[  118.0s] cell 23/32 blackwell/fresh_b_pytorch_layer_norm/medium/c3: generating input (2382448 values)
[  118.2s]   uploading tensor
[  118.3s]   capturing graph (1000 launches)
[  118.3s]   timing
[  119.0s]   reference check (pure Python, full output; slow for large cells)
[  119.9s] blackwell/fresh_b_pytorch_layer_norm/medium/c3                 N=8     13.057 us/launch  correct=True
[  119.9s] cell 24/32 blackwell/fresh_b_pytorch_layer_norm/medium/c4: generating input (2411952 values)
[  120.1s]   uploading tensor
[  120.2s]   capturing graph (1000 launches)
[  120.2s]   timing
[  120.9s]   reference check (pure Python, full output; slow for large cells)
[  121.8s] blackwell/fresh_b_pytorch_layer_norm/medium/c4                 N=8     13.276 us/launch  correct=True
[  121.8s] cell 25/32 blackwell/fresh_b_pytorch_layer_norm/large/c1: generating input (8919040 values)
[  122.7s]   uploading tensor
[  122.9s]   capturing graph (1000 launches)
[  122.9s]   timing
[  123.7s]   reference check (pure Python, full output; slow for large cells)
[  127.0s] blackwell/fresh_b_pytorch_layer_norm/large/c1                  N=5     24.078 us/launch  correct=True
[  127.1s] cell 26/32 blackwell/fresh_b_pytorch_layer_norm/large/c2: generating input (8932976 values)
[  127.9s]   uploading tensor
[  128.2s]   capturing graph (1000 launches)
[  128.2s]   timing
[  129.0s]   reference check (pure Python, full output; slow for large cells)
[  132.3s] blackwell/fresh_b_pytorch_layer_norm/large/c2                  N=3     40.228 us/launch  correct=True
[  132.4s] cell 27/32 blackwell/fresh_b_pytorch_layer_norm/large/c3: generating input (8960848 values)
[  133.2s]   uploading tensor
[  133.5s]   capturing graph (1000 launches)
[  133.5s]   timing
[  134.4s]   reference check (pure Python, full output; slow for large cells)
[  137.6s] blackwell/fresh_b_pytorch_layer_norm/large/c3                  N=3     40.253 us/launch  correct=True
[  137.7s] cell 28/32 blackwell/fresh_b_pytorch_layer_norm/large/c4: generating input (9016592 values)
[  138.6s]   uploading tensor
[  138.9s]   capturing graph (1000 launches)
[  138.9s]   timing
[  139.7s]   reference check (pure Python, full output; slow for large cells)
[  143.0s] blackwell/fresh_b_pytorch_layer_norm/large/c4                  N=3     40.344 us/launch  correct=True
[  143.1s] cell 29/32 blackwell/fresh_b_pytorch_layer_norm/xlarge/c1: generating input (52423680 values)
[  148.0s]   uploading tensor
[  149.4s]   capturing graph (1000 launches)
[  149.4s]   timing
[  151.7s]   reference check (pure Python, full output; slow for large cells)
[  170.6s] blackwell/fresh_b_pytorch_layer_norm/xlarge/c1                 N=1     286.394 us/launch  correct=True
[  171.0s] cell 30/32 blackwell/fresh_b_pytorch_layer_norm/xlarge/c2: generating input (52478288 values)
[  175.9s]   uploading tensor
[  177.3s]   capturing graph (1000 launches)
[  177.4s]   timing
[  182.0s]   reference check (pure Python, full output; slow for large cells)
[  201.0s] blackwell/fresh_b_pytorch_layer_norm/xlarge/c2                 N=1     572.518 us/launch  correct=True
[  201.4s] cell 31/32 blackwell/fresh_b_pytorch_layer_norm/xlarge/c3: generating input (52587504 values)
[  206.6s]   uploading tensor
[  207.9s]   capturing graph (1000 launches)
[  208.0s]   timing
[  212.6s]   reference check (pure Python, full output; slow for large cells)
[  231.7s] blackwell/fresh_b_pytorch_layer_norm/xlarge/c3                 N=1     573.369 us/launch  correct=True
[  232.1s] cell 32/32 blackwell/fresh_b_pytorch_layer_norm/xlarge/c4: generating input (52805936 values)
[  237.1s]   uploading tensor
[  238.5s]   capturing graph (1000 launches)
[  238.5s]   timing
[  243.1s]   reference check (pure Python, full output; slow for large cells)
[  262.1s] blackwell/fresh_b_pytorch_layer_norm/xlarge/c4                 N=1     575.267 us/launch  correct=True
wrote /home/user/gpu_energy/fresh_b_timing/timing_fresh_b_result.json
